*** Using Compiler 'V5.06 update 7 (build 960)', folder: 'C:\app/Keil5\ARM\ARMCC\Bin'
Build target 'H10_8LANE'
compiling User_UI.c...
USER\User_UI.c(27): warning:  #223-D: function "Display_ON" declared implicitly
  	Display_ON();
USER\User_UI.c(28): warning:  #223-D: function "ReadALLcode" declared implicitly
  	ReadALLcode();
USER\User_UI.c(33): warning:  #223-D: function "Display_OFF" declared implicitly
  	Display_OFF();
USER\User_UI.c(64): warning:  #223-D: function "SwitchFrame" declared implicitly
  	SwitchFrame(frame);
USER\User_UI.c(88): warning:  #223-D: function "SwitchFrame" declared implicitly
  	SwitchFrame(frame);
USER\User_UI.c(261): warning:  #550-D: variable "bee"  was set but never used
  	static uint8_t bee = 0;
USER\User_UI.c(435): warning:  #177-D: variable "buffer"  was declared but never referenced
      char buffer[256]; // 假设一个合理的缓冲区大小
USER\User_UI.c: 7 warnings, 0 errors
compiling main.c...
USER\user_control.h(82): warning:  #1-D: last line of file ends without a newline
  #endif
USER\init_code.h(20): warning:  #1-D: last line of file ends without a newline
  #endif
USER\main.c(229): warning:  #940-D: missing return statement at end of non-void function "Gamma_printf" 
  }
USER\main.c(219): warning:  #550-D: variable "ff"  was set but never used
      int ff;
USER\main.c(263): warning:  #940-D: missing return statement at end of non-void function "ssss" 
  }
USER\main.c(283): warning:  #177-D: variable "res"  was declared but never referenced
  	int res;
USER\main.c(285): warning:  #177-D: variable "i"  was declared but never referenced
  	int i;
USER\main.c(286): warning:  #177-D: variable "ts"  was declared but never referenced
  	unsigned int ts;
USER\main.c(287): warning:  #177-D: variable "rrr"  was declared but never referenced
  	int rrr;
USER\main.c(289): warning:  #177-D: variable "get_cmd_str"  was declared but never referenced
  	char get_cmd_str[64] = {0};
USER\main.c(290): warning:  #177-D: variable "id_str"  was declared but never referenced
  	char id_str[64] = {0};
USER\main.c(291): warning:  #177-D: variable "G_x"  was declared but never referenced
  	float G_x[25], G_y[25], G_Lv[25], G_Gamma[25];
USER\main.c(291): warning:  #177-D: variable "G_y"  was declared but never referenced
  	float G_x[25], G_y[25], G_Lv[25], G_Gamma[25];
USER\main.c(291): warning:  #177-D: variable "G_Lv"  was declared but never referenced
  	float G_x[25], G_y[25], G_Lv[25], G_Gamma[25];
USER\main.c(291): warning:  #177-D: variable "G_Gamma"  was declared but never referenced
  	float G_x[25], G_y[25], G_Lv[25], G_Gamma[25];
USER\main.c(292): warning:  #177-D: variable "string_buffer"  was declared but never referenced
  	char string_buffer[64];
USER\main.c(684): warning:  #177-D: variable "i"  was declared but never referenced
  	unsigned char i;
USER\main.c(685): warning:  #177-D: variable "code"  was declared but never referenced
  	unsigned char code;
USER\main.c(687): warning:  #177-D: variable "read_data"  was declared but never referenced
  	u8 read_data[4];
USER\main.c(727): warning:  #177-D: variable "code"  was declared but never referenced
  unsigned char code;
USER\main.c(1208): warning:  #177-D: variable "EBdata"  was declared but never referenced
  	unsigned char EBdata,ECdata,EDdata;
USER\main.c(1208): warning:  #177-D: variable "EDdata"  was declared but never referenced
  	unsigned char EBdata,ECdata,EDdata;
USER\main.c(1256): warning:  #177-D: variable "res"  was declared but never referenced
  		int res=1;
USER\main.c(1257): warning:  #177-D: variable "us"  was declared but never referenced
  		int us;
USER\main.c(1258): warning:  #177-D: variable "l_OTP_times"  was declared but never referenced
  		uint8_t l_OTP_times=OTP_times;
USER\main.c(1313): warning:  #223-D: function "CA310_GetLvXY" declared implicitly
  	 if (CA310_GetLvXY(CH_NUM, &G_Lv, &G_x, &G_y) >= 0)
USER\main.c(1318): warning:  #1035-D: single-precision operand implicitly converted to double-precision
  		if ((G_Lv >= WNOR_LV_MIN) && (G_Lv <= WNOR_LV_MAX) && (G_x >= W_X_MIN) && (G_x <= W_X_MAX) && (G_y >= W_Y_MIN) && (G_y <= W_Y_MAX)) // 高亮卡控
USER\main.c(1318): warning:  #1035-D: single-precision operand implicitly converted to double-precision
  		if ((G_Lv >= WNOR_LV_MIN) && (G_Lv <= WNOR_LV_MAX) && (G_x >= W_X_MIN) && (G_x <= W_X_MAX) && (G_y >= W_Y_MIN) && (G_y <= W_Y_MAX)) // 高亮卡控
USER\main.c(1318): warning:  #1035-D: single-precision operand implicitly converted to double-precision
  		if ((G_Lv >= WNOR_LV_MIN) && (G_Lv <= WNOR_LV_MAX) && (G_x >= W_X_MIN) && (G_x <= W_X_MAX) && (G_y >= W_Y_MIN) && (G_y <= W_Y_MAX)) // 高亮卡控
USER\main.c(1318): warning:  #1035-D: single-precision operand implicitly converted to double-precision
  		if ((G_Lv >= WNOR_LV_MIN) && (G_Lv <= WNOR_LV_MAX) && (G_x >= W_X_MIN) && (G_x <= W_X_MAX) && (G_y >= W_Y_MIN) && (G_y <= W_Y_MAX)) // 高亮卡控
USER\main.c(1308): warning:  #177-D: variable "G_Gamma"  was declared but never referenced
  	float G_x, G_y, G_Lv, G_Gamma;
USER\main.c: 31 warnings, 0 errors
linking...
Program Size: Code=67124 RO-data=4856 RW-data=3712 ZI-data=51008  
FromELF: creating hex file...
".\Output\TO2198A_185_OTP_QSPI_V03.axf" - 0 Error(s), 38 Warning(s).
Build Time Elapsed:  00:00:02
