Component: ARM Compiler 5.06 update 7 (build 960) Tool: armlink [4d3601]

==============================================================================

Section Cross References

    main.o(i.AVDD_EN_0) refers to stm32f4xx_gpio.o(i.GPIO_ResetBits) for GPIO_ResetBits
    main.o(i.AVDD_EN_1) refers to stm32f4xx_gpio.o(i.GPIO_SetBits) for GPIO_SetBits
    main.o(i.Check_GAMMA) refers to main.o(i.SwitchFrame) for SwitchFrame
    main.o(i.Check_GAMMA) refers to delay.o(i.Delay_ms) for Delay_ms
    main.o(i.Check_GAMMA) refers to deviceca310.o(i.CA310_GetLvXY) for CA310_GetLvXY
    main.o(i.Check_GAMMA) refers to f2d.o(.text) for __aeabi_f2d
    main.o(i.Check_GAMMA) refers to cdrcmple.o(.text) for __aeabi_cdrcmple
    main.o(i.Check_GAMMA) refers to cdcmple.o(.text) for __aeabi_cdcmple
    main.o(i.Check_GAMMA) refers to s10power.o(i.MONITOR_Printf) for MONITOR_Printf
    main.o(i.Check_GAMMA) refers to printfa.o(i.__0printf) for __2printf
    main.o(i.Check_GAMMA) refers to main.o(.data) for CH_NUM
    main.o(i.Display_OFF) refers to s10power.o(i.MONITOR_Printf) for MONITOR_Printf
    main.o(i.Display_OFF) refers to memseta.o(.text) for __aeabi_memclr4
    main.o(i.Display_OFF) refers to s10power.o(i.POWER_SetIxMeaRange) for POWER_SetIxMeaRange
    main.o(i.Display_OFF) refers to s10power.o(i.S10_StopAlarm) for S10_StopAlarm
    main.o(i.Display_OFF) refers to s10power.o(i.MONITOR_SetBee) for MONITOR_SetBee
    main.o(i.Display_OFF) refers to stm32f4xx_gpio.o(i.GPIO_ResetBits) for GPIO_ResetBits
    main.o(i.Display_OFF) refers to main.o(i.AVDD_EN_0) for AVDD_EN_0
    main.o(i.Display_OFF) refers to s10power.o(i.POWER_SetVDD) for POWER_SetVDD
    main.o(i.Display_OFF) refers to stm_spi.o(i.SPI_SendX) for SPI_SendX
    main.o(i.Display_OFF) refers to stm_spi.o(i.SPI_Write_cmd) for SPI_Write_cmd
    main.o(i.Display_OFF) refers to delay.o(i.Delay_ms) for Delay_ms
    main.o(i.Display_OFF) refers to main.o(i.LCD_RST_0) for LCD_RST_0
    main.o(i.Display_OFF) refers to key.o(i.KEY_SetLED) for KEY_SetLED
    main.o(i.Display_OFF) refers to main.o(.bss) for message
    main.o(i.Display_OFF) refers to main.o(.data) for sleep_flag
    main.o(i.Display_ON) refers to s10power.o(i.POWER_SetIxMeaRange) for POWER_SetIxMeaRange
    main.o(i.Display_ON) refers to stm32f4xx_gpio.o(i.GPIO_SetBits) for GPIO_SetBits
    main.o(i.Display_ON) refers to key.o(i.KEY_SetLED) for KEY_SetLED
    main.o(i.Display_ON) refers to main.o(i.LCD_RST_0) for LCD_RST_0
    main.o(i.Display_ON) refers to s10power.o(i.POWER_SetVDD) for POWER_SetVDD
    main.o(i.Display_ON) refers to delay.o(i.Delay_ms) for Delay_ms
    main.o(i.Display_ON) refers to main.o(i.AVDD_EN_1) for AVDD_EN_1
    main.o(i.Display_ON) refers to main.o(i.LCD_RST_1) for LCD_RST_1
    main.o(i.Display_ON) refers to main.o(i.Panel_Read) for Panel_Read
    main.o(i.Display_ON) refers to main.o(i.Panel_Init) for Panel_Init
    main.o(i.Display_ON) refers to main.o(i.SwitchFrame) for SwitchFrame
    main.o(i.Display_ON) refers to s10power.o(i.MONITOR_Printf) for MONITOR_Printf
    main.o(i.Display_ON) refers to main.o(.data) for frame
    main.o(i.Display_ON1) refers to s10power.o(i.POWER_SetIxMeaRange) for POWER_SetIxMeaRange
    main.o(i.Display_ON1) refers to stm32f4xx_gpio.o(i.GPIO_SetBits) for GPIO_SetBits
    main.o(i.Display_ON1) refers to key.o(i.KEY_SetLED) for KEY_SetLED
    main.o(i.Display_ON1) refers to main.o(i.LCD_RST_0) for LCD_RST_0
    main.o(i.Display_ON1) refers to s10power.o(i.POWER_SetVDD) for POWER_SetVDD
    main.o(i.Display_ON1) refers to delay.o(i.Delay_ms) for Delay_ms
    main.o(i.Display_ON1) refers to main.o(i.AVDD_EN_1) for AVDD_EN_1
    main.o(i.Display_ON1) refers to main.o(i.LCD_RST_1) for LCD_RST_1
    main.o(i.Display_ON1) refers to stm_spi.o(i.SPI_SendX) for SPI_SendX
    main.o(i.Display_ON1) refers to stm_spi.o(i.SPI_Write_cmd) for SPI_Write_cmd
    main.o(i.Display_ON1) refers to main.o(i.SwitchFrame) for SwitchFrame
    main.o(i.Display_ON1) refers to s10power.o(i.MONITOR_Printf) for MONITOR_Printf
    main.o(i.Display_ON1) refers to main.o(.data) for frame
    main.o(i.EXTI3_IRQHandler) refers to stm32f4xx_exti.o(i.EXTI_GetITStatus) for EXTI_GetITStatus
    main.o(i.EXTI3_IRQHandler) refers to delay.o(i.Delay_ms) for Delay_ms
    main.o(i.EXTI3_IRQHandler) refers to stm32f4xx_gpio.o(i.GPIO_ReadInputDataBit) for GPIO_ReadInputDataBit
    main.o(i.EXTI3_IRQHandler) refers to stm32f4xx_exti.o(i.EXTI_ClearITPendingBit) for EXTI_ClearITPendingBit
    main.o(i.EXTI3_IRQHandler) refers to main.o(.data) for display_on
    main.o(i.Gamma_printf) refers to printfa.o(i.__0vsprintf) for vsprintf
    main.o(i.Gamma_printf) refers to strlen.o(.text) for strlen
    main.o(i.Gamma_printf) refers to main.o(.bss) for dataStr
    main.o(i.IO_Configuration) refers to stm32f4xx_rcc.o(i.RCC_AHB1PeriphClockCmd) for RCC_AHB1PeriphClockCmd
    main.o(i.IO_Configuration) refers to stm32f4xx_gpio.o(i.GPIO_Init) for GPIO_Init
[...]
    SPI_Send_Dat                             0x08017d15   Thumb Code    70  stm_spi.o(i.SPI_Send_Dat)
    SPI_WriteParams                          0x08017e61   Thumb Code    70  user_ui.o(i.SPI_WriteParams)
    SPI_Write_4data                          0x08017ea9   Thumb Code    88  stm_spi.o(i.SPI_Write_4data)
    SPI_Write_cmd                            0x08017f11   Thumb Code    44  stm_spi.o(i.SPI_Write_cmd)
    SPI_delay                                0x08017f45   Thumb Code     4  stm_spi.o(i.SPI_delay)
    SSD2828_CS_0                             0x08017f49   Thumb Code    50  ssd2828.o(i.SSD2828_CS_0)
    SSD2828_CS_1                             0x08017f81   Thumb Code    16  ssd2828.o(i.SSD2828_CS_1)
    SSD2828_DcsLongWrite                     0x08017f91   Thumb Code   122  ssd2828.o(i.SSD2828_DcsLongWrite)
    SSD2828_DcsShortWrite                    0x08018019   Thumb Code   118  ssd2828.o(i.SSD2828_DcsShortWrite)
    SSD2828_GPIOConfig                       0x0801809d   Thumb Code   274  ssd2828.o(i.SSD2828_GPIOConfig)
    SSD2828_GenericLongWrite                 0x080181bd   Thumb Code   122  ssd2828.o(i.SSD2828_GenericLongWrite)
    SSD2828_GenericShortWrite                0x08018245   Thumb Code   118  ssd2828.o(i.SSD2828_GenericShortWrite)
    SSD2828_Init                             0x080182c9   Thumb Code    36  ssd2828.o(i.SSD2828_Init)
    SSD2828_POWER_OFF                        0x080182f5   Thumb Code    14  ssd2828.o(i.SSD2828_POWER_OFF)
    SSD2828_POWER_ON                         0x08018309   Thumb Code    20  ssd2828.o(i.SSD2828_POWER_ON)
    SSD2828_WriteCmd                         0x08018321   Thumb Code    26  ssd2828.o(i.SSD2828_WriteCmd)
    SSD2828_WriteData                        0x0801833d   Thumb Code   244  ssd2828.o(i.SSD2828_WriteData)
    SSD2828_WriteReg                         0x08018441   Thumb Code    58  ssd2828.o(i.SSD2828_WriteReg)
    SVC_Handler                              0x0801847b   Thumb Code     2  stm32f4xx_it.o(i.SVC_Handler)
    Set_Ch                                   0x08018569   Thumb Code   188  cfl.o(i.Set_Ch)
    ShowString_2_Config                      0x08018631   Thumb Code    10  showtext.o(i.ShowString_2_Config)
    Sleep_In                                 0x08018655   Thumb Code    34  main.o(i.Sleep_In)
    Sleep_Out                                0x08018685   Thumb Code    34  main.o(i.Sleep_Out)
    Spi_Init                                 0x080186b5   Thumb Code   212  stm_spi.o(i.Spi_Init)
    SwitchFrame                              0x0801879d   Thumb Code   246  main.o(i.SwitchFrame)
    SysTick_Handler                          0x080188c9   Thumb Code   112  systick.o(i.SysTick_Handler)
    SysTick_Init                             0x08018951   Thumb Code   108  systick.o(i.SysTick_Init)
    SystemInit                               0x080189cd   Thumb Code    88  system_stm32f4xx.o(i.SystemInit)
    UIRecType                                0x08018a35   Thumb Code   184  cfl.o(i.UIRecType)
    USART1_IRQHandler                        0x08018aed   Thumb Code   156  driverusart1.o(i.USART1_IRQHandler)
    USART3_IRQHandler                        0x08018b9d   Thumb Code    36  driverusart3.o(i.USART3_IRQHandler)
    USART_Cmd                                0x08018bc9   Thumb Code    24  stm32f4xx_usart.o(i.USART_Cmd)
    USART_GetFlagStatus                      0x08018be1   Thumb Code    26  stm32f4xx_usart.o(i.USART_GetFlagStatus)
    USART_GetITStatus                        0x08018bfb   Thumb Code    84  stm32f4xx_usart.o(i.USART_GetITStatus)
    USART_ITConfig                           0x08018c4f   Thumb Code    74  stm32f4xx_usart.o(i.USART_ITConfig)
    USART_Init                               0x08018c99   Thumb Code   204  stm32f4xx_usart.o(i.USART_Init)
    USART_ReceiveData                        0x08018d6d   Thumb Code    10  stm32f4xx_usart.o(i.USART_ReceiveData)
    USART_SendData                           0x08018d77   Thumb Code     8  stm32f4xx_usart.o(i.USART_SendData)
    UsageFault_Handler                       0x08018d7f   Thumb Code     4  stm32f4xx_it.o(i.UsageFault_Handler)
    User_Event                               0x08018d85   Thumb Code   676  user_ui.o(i.User_Event)
    User_UI                                  0x080191ed   Thumb Code   766  user_ui.o(i.User_UI)
    Version_Init                             0x080195e9   Thumb Code    76  versionnumber.o(i.Version_Init)
    Write2dev                                0x08019641   Thumb Code    40  commoniointerface.o(i.Write2dev)
    __0printf                                0x08019669   Thumb Code    22  printfa.o(i.__0printf)
    __1printf                                0x08019669   Thumb Code     0  printfa.o(i.__0printf)
    __2printf                                0x08019669   Thumb Code     0  printfa.o(i.__0printf)
    __c89printf                              0x08019669   Thumb Code     0  printfa.o(i.__0printf)
    printf                                   0x08019669   Thumb Code     0  printfa.o(i.__0printf)
    __0sprintf                               0x08019689   Thumb Code    34  printfa.o(i.__0sprintf)
    __1sprintf                               0x08019689   Thumb Code     0  printfa.o(i.__0sprintf)
    __2sprintf                               0x08019689   Thumb Code     0  printfa.o(i.__0sprintf)
    __c89sprintf                             0x08019689   Thumb Code     0  printfa.o(i.__0sprintf)
    sprintf                                  0x08019689   Thumb Code     0  printfa.o(i.__0sprintf)
    __0vsprintf                              0x080196b1   Thumb Code    30  printfa.o(i.__0vsprintf)
    __1vsprintf                              0x080196b1   Thumb Code     0  printfa.o(i.__0vsprintf)
    __2vsprintf                              0x080196b1   Thumb Code     0  printfa.o(i.__0vsprintf)
    __c89vsprintf                            0x080196b1   Thumb Code     0  printfa.o(i.__0vsprintf)
    vsprintf                                 0x080196b1   Thumb Code     0  printfa.o(i.__0vsprintf)
    __ARM_fpclassify                         0x080196d5   Thumb Code    48  fpclassify.o(i.__ARM_fpclassify)
    __aeabi_errno_addr                       0x08019705   Thumb Code     4  errno.o(i.__aeabi_errno_addr)
    __rt_errno_addr                          0x08019705   Thumb Code     0  errno.o(i.__aeabi_errno_addr)
    __hardfp_log                             0x08019711   Thumb Code   872  log.o(i.__hardfp_log)
    __hardfp_pow                             0x08019ad9   Thumb Code  3072  pow.o(i.__hardfp_pow)
    __kernel_poly                            0x0801a729   Thumb Code   248  poly.o(i.__kernel_poly)
    __mathlib_dbl_divzero                    0x0801a821   Thumb Code    28  dunder.o(i.__mathlib_dbl_divzero)
    __mathlib_dbl_infnan                     0x0801a851   Thumb Code    20  dunder.o(i.__mathlib_dbl_infnan)
    __mathlib_dbl_infnan2                    0x0801a865   Thumb Code    20  dunder.o(i.__mathlib_dbl_infnan2)
    __mathlib_dbl_invalid                    0x0801a879   Thumb Code    24  dunder.o(i.__mathlib_dbl_invalid)
    __mathlib_dbl_overflow                   0x0801a899   Thumb Code    24  dunder.o(i.__mathlib_dbl_overflow)
    __mathlib_dbl_underflow                  0x0801a8b9   Thumb Code    24  dunder.o(i.__mathlib_dbl_underflow)
    __scatterload_copy                       0x0801a8d9   Thumb Code    14  handlers.o(i.__scatterload_copy)
    __scatterload_null                       0x0801a8e7   Thumb Code     2  handlers.o(i.__scatterload_null)
    __scatterload_zeroinit                   0x0801a8e9   Thumb Code    14  handlers.o(i.__scatterload_zeroinit)
    __set_errno                              0x0801a8f9   Thumb Code     6  errno.o(i.__set_errno)
    _is_digit                                0x0801aa89   Thumb Code    14  scanf_fp.o(i._is_digit)
    addComboBox                              0x0801b1c1   Thumb Code   112  pcui.o(i.addComboBox)
    clearWidget                              0x0801b6c5   Thumb Code    48  pcui.o(i.clearWidget)
    clust2sect                               0x0801b701   Thumb Code    26  ff.o(i.clust2sect)
    code_init                                0x0801b7ad   Thumb Code  4792  main.o(i.code_init)
    creatButtonPage4                         0x0801ca65   Thumb Code   108  pcui.o(i.creatButtonPage4)
    devWrite                                 0x0801cdf3   Thumb Code    30  commoniointerface.o(i.devWrite)
    disk_initialize                          0x0801d34d   Thumb Code     6  diskio.o(i.disk_initialize)
    disk_ioctl                               0x0801d353   Thumb Code     6  diskio.o(i.disk_ioctl)
    disk_read                                0x0801d359   Thumb Code   108  diskio.o(i.disk_read)
    disk_status                              0x0801d3c9   Thumb Code     6  diskio.o(i.disk_status)
    disk_write                               0x0801d3cf   Thumb Code    82  diskio.o(i.disk_write)
    driverUSART1_Init                        0x0801d421   Thumb Code   184  driverusart1.o(i.driverUSART1_Init)
    ethernetif_input                         0x0801d4e9   Thumb Code    44  ethernetif.o(i.ethernetif_input)
    f_close                                  0x0801d515   Thumb Code    22  ff.o(i.f_close)
    f_lseek                                  0x0801d52b   Thumb Code   432  ff.o(i.f_lseek)
    f_mkdir                                  0x0801d6dd   Thumb Code   388  ff.o(i.f_mkdir)
    f_mount                                  0x0801d865   Thumb Code    38  ff.o(i.f_mount)
    f_open                                   0x0801d891   Thumb Code   368  ff.o(i.f_open)
    f_opendir                                0x0801da05   Thumb Code   114  ff.o(i.f_opendir)
    f_sync                                   0x0801da7d   Thumb Code   184  ff.o(i.f_sync)
    f_unlink                                 0x0801db35   Thumb Code   182  ff.o(i.f_unlink)
    f_write                                  0x0801dbf1   Thumb Code   526  ff.o(i.f_write)
    fabs                                     0x0801ddff   Thumb Code    24  fabs.o(i.fabs)
    ff_convert                               0x0801de19   Thumb Code    70  ccsbcs.o(i.ff_convert)
    ff_wtoupper                              0x0801de65   Thumb Code    46  ccsbcs.o(i.ff_wtoupper)
    fputc                                    0x0801dfbd   Thumb Code    32  usart1.o(i.fputc)
    gen_numname                              0x0801dfe1   Thumb Code   168  ff.o(i.gen_numname)
    getComboBox                              0x0801e089   Thumb Code    56  pcui.o(i.getComboBox)
    getLineEdit_ContentPage4                 0x0801e0cd   Thumb Code    78  pcui.o(i.getLineEdit_ContentPage4)
    get_fat                                  0x0801e129   Thumb Code   228  ff.o(i.get_fat)
    get_fattime                              0x0801e20d   Thumb Code     4  diskio.o(i.get_fattime)
    lwip_packet_handler                      0x0801e285   Thumb Code    10  lwip_comm.o(i.lwip_packet_handler)
    main                                     0x0801e295   Thumb Code   536  main.o(i.main)
    mem_free                                 0x0801e5ed   Thumb Code   148  mem.o(i.mem_free)
    mem_malloc                               0x0801e719   Thumb Code   372  mem.o(i.mem_malloc)
    memp_free                                0x0801e989   Thumb Code    58  memp.o(i.memp_free)
    memp_malloc                              0x0801ea25   Thumb Code    86  memp.o(i.memp_malloc)
    myCmd_getSplit                           0x0801eb75   Thumb Code   442  pcui.o(i.myCmd_getSplit)
    myFIFOWrite                              0x0801ed3d   Thumb Code   102  myfifo.o(i.myFIFOWrite)
    parse_and_execute_commands               0x0801eda5   Thumb Code   564  user_ui.o(i.parse_and_execute_commands)
    parse_hex                                0x0801f0ad   Thumb Code    94  user_ui.o(i.parse_hex)
    parse_upadte                             0x0801f119   Thumb Code   740  pcui.o(i.parse_upadte)
    pbuf_alloc                               0x0801f479   Thumb Code   638  pbuf.o(i.pbuf_alloc)
    pbuf_free                                0x0801f875   Thumb Code   242  pbuf.o(i.pbuf_free)
    pcuiDetection                            0x0801fa05   Thumb Code    26  pcui.o(i.pcuiDetection)
    pcui_Scan                                0x0801fa25   Thumb Code    92  pcui.o(i.pcui_Scan)
    pcui_close_file                          0x0801fa81   Thumb Code    22  pcui_depend.o(i.pcui_close_file)
    pcui_del_file                            0x0801fa9d   Thumb Code   110  pcui_depend.o(i.pcui_del_file)
    pcui_getCmd                              0x0801fbad   Thumb Code   178  pcui.o(i.pcui_getCmd)
    pcui_init                                0x0801fc69   Thumb Code    72  pcui.o(i.pcui_init)
    pcui_open_file                           0x0801fcbd   Thumb Code   238  pcui_depend.o(i.pcui_open_file)
    pcui_recData                             0x0801fe01   Thumb Code   138  pcui.o(i.pcui_recData)
    pcui_write_file                          0x0801ff85   Thumb Code   286  pcui_depend.o(i.pcui_write_file)
    put_fat                                  0x08020301   Thumb Code   310  ff.o(i.put_fat)
    rec2Data                                 0x08020437   Thumb Code   196  s10power.o(i.rec2Data)
    recMyType                                0x080204fb   Thumb Code   184  s10power.o(i.recMyType)
    receivePact                              0x080205b3   Thumb Code   196  communicationold.o(i.receivePact)
    remove_all_spaces                        0x08020677   Thumb Code    54  user_ui.o(i.remove_all_spaces)
    selectShowPage                           0x08020715   Thumb Code    76  pcui.o(i.selectShowPage)
    setDialog                                0x08020771   Thumb Code    98  pcui.o(i.setDialog)
    setLineEdit_ParameterPage4               0x080207fd   Thumb Code   112  pcui.o(i.setLineEdit_ParameterPage4)
    setupMultisynth                          0x08020891   Thumb Code   156  si5351a.o(i.setupMultisynth)
    setupPLL                                 0x0802092d   Thumb Code   222  si5351a.o(i.setupPLL)
    si5351_Init                              0x08020a11   Thumb Code    46  si5351a.o(i.si5351_Init)
    si5351aSetFrequency_Clk0                 0x08020a41   Thumb Code   166  si5351a.o(i.si5351aSetFrequency_Clk0)
    si5351aSetFrequency_Clk1                 0x08020af9   Thumb Code   148  si5351a.o(i.si5351aSetFrequency_Clk1)
    sky_ConmBindDriver                       0x08020b9d   Thumb Code    16  communication.o(i.sky_ConmBindDriver)
    sky_ConmmunicationInit                   0x08020bb1   Thumb Code    86  communication.o(i.sky_ConmmunicationInit)
    sky_GetMeasureTime_ms                    0x08020c07   Thumb Code    30  communication.o(i.sky_GetMeasureTime_ms)
    sky_devSingle                            0x08020c25   Thumb Code    26  communication.o(i.sky_devSingle)
    sky_receivePact                          0x08020c3f   Thumb Code   222  communication.o(i.sky_receivePact)
    sky_receivePactData                      0x08020d1d   Thumb Code    36  communication.o(i.sky_receivePactData)
    sqrt                                     0x08020d41   Thumb Code   110  sqrt.o(i.sqrt)
    usart1_write                             0x08020e99   Thumb Code    38  driverusart1.o(i.usart1_write)
    userUI_Online                            0x08020ec5   Thumb Code    94  user_ui.o(i.userUI_Online)
    cg_sdr_wd                                0x08020fb8   Data          72  gpu.o(.constdata)
    cg_hvvb                                  0x08021510   Data         100  hvadc.o(.constdata)
    __ctype_table                            0x08021af8   Data         129  ctype_o.o(.constdata)
    __mathlib_zero                           0x08021b80   Data           8  qnan.o(.constdata)
    Region$$Table$$Base                      0x08022110   Number         0  anon$$obj.o(Region$$Table)
    Region$$Table$$Limit                     0x08022130   Number         0  anon$$obj.o(Region$$Table)
    Flag_EXTI_Line0                          0x20000000   Data           1  main.o(.data)
    display_on                               0x20000004   Data           4  main.o(.data)
    frame                                    0x20000008   Data           1  main.o(.data)
    frame_max                                0x2000000c   Data           4  main.o(.data)
    frame_hold_cnt                           0x20000010   Data           4  main.o(.data)
    gamma_hold_cnt                           0x20000014   Data           4  main.o(.data)
    all_hold_cnt                             0x20000018   Data           4  main.o(.data)
    auto_switch_mode                         0x2000001c   Data           1  main.o(.data)
    OTP_times                                0x2000001d   Data           1  main.o(.data)
    OTP_flag                                 0x2000001e   Data           1  main.o(.data)
    l_OTP_times                              0x2000001f   Data           1  main.o(.data)
    White_frame                              0x20000020   Data           1  main.o(.data)
    Black_frame                              0x20000021   Data           1  main.o(.data)
    OK_frame                                 0x20000022   Data           1  main.o(.data)
    NG_frame                                 0x20000023   Data           1  main.o(.data)
    CH_NUM                                   0x20000024   Data           1  main.o(.data)
    OTP_Flag                                 0x20000025   Data           1  main.o(.data)
    OTP_HUO                                  0x20000026   Data           1  main.o(.data)
    CHECKER_FLAG                             0x20000028   Data           4  main.o(.data)
    EOTP_times                               0x2000002c   Data           4  main.o(.data)
    allcode_falg1                            0x20000030   Data           1  main.o(.data)
    allcode_falg2                            0x20000031   Data           1  main.o(.data)
    ID_1                                     0x20000034   Data           4  main.o(.data)
    ID_2                                     0x20000038   Data           4  main.o(.data)
    sleep_flag                               0x2000003c   Data           1  main.o(.data)
    rrr                                      0x20000040   Data           4  main.o(.data)
    num                                      0x20000044   Data           1  main.o(.data)
    _100ms_STA                               0x20000048   Data           4  main.o(.data)
    Alarm_STA                                0x2000004c   Data           4  main.o(.data)
    NormalR26                                0x20000050   Data           4  main.o(.data)
    Readgamma_flag                           0x20000054   Data           1  main.o(.data)
    COFid                                    0x20000055   Data           3  main.o(.data)
    scanner_flag                             0x20000058   Data           1  main.o(.data)
    data                                     0x2000005a   Data           6  main.o(.data)
    data1                                    0x20000060   Data           6  main.o(.data)
    data2                                    0x20000066   Data           6  main.o(.data)
    sateext                                  0x2000006c   Data           4  main.o(.data)
    yanstate                                 0x20000070   Data           4  main.o(.data)
    parameter                                0x20000074   Data           5  main.o(.data)
    parameter_flag                           0x2000007c   Data           4  main.o(.data)
    ret                                      0x20000080   Data           4  main.o(.data)
    wet                                      0x20000084   Data           4  main.o(.data)
    g_PN                                     0x20000088   Data           1  main.o(.data)
    editon_flag                              0x2000008c   Data           4  main.o(.data)
    pc_remoteIP                              0x20000090   Data           4  main.o(.data)
    pc_remotePort                            0x20000094   Data           2  main.o(.data)
    sg_speedmode                             0x20000098   Data           4  ssd2828.o(.data)
    gHS_Mbps                                 0x200000ac   Data           2  ssd2828.o(.data)
    USART1_RX_CNT                            0x200000bc   Data           1  driverusart1.o(.data)
    cmdReady                                 0x200000bd   Data           1  driverusart1.o(.data)
    init_code                                0x200000c0   Data        3168  init_code.o(.data)
    p                                        0x20000d20   Data           4  init_code.o(.data)
    RD_code                                  0x20000d24   Data           8  init_code.o(.data)
    SystemCoreClock                          0x20000d38   Data           4  system_stm32f4xx.o(.data)
    AHBPrescTable                            0x20000d3c   Data          16  system_stm32f4xx.o(.data)
    _1ms_ok                                  0x20000d64   Data           4  systick.o(.data)
    _20ms_ok                                 0x20000d68   Data           4  systick.o(.data)
    task_time_cnt                            0x20000d6c   Data           4  systick.o(.data)
    sg_br1                                   0x20000d78   Data           4  sd_file.o(.data)
    sg_br2                                   0x20000d7c   Data           4  sd_file.o(.data)
    sg_rd_img                                0x20000d80   Data           4  sd_file.o(.data)
    sg_bmp                                   0x20000d84   Data           4  sd_file.o(.data)
    sg_rdsdcradimg_flag                      0x20000d88   Data           4  sd_file.o(.data)
    sg_wr_pix_cnt                            0x20000d8c   Data           4  sd_file.o(.data)
    sg_rgb_offset                            0x20000d90   Data           4  sd_file.o(.data)
    sg_bmp_y                                 0x20000d9c   Data           4  sd_file.o(.data)
    SDprintfFlag                             0x20000dac   Data           4  sd_file.o(.data)
    g_software_ver                           0x20000db0   Data           3  versionnumber.o(.data)
    g_hardware_ver                           0x20000db3   Data           2  versionnumber.o(.data)
    gLCD_PCLK                                0x20000db8   Data           4  gpu.o(.data)
    gLCD_XSIZE                               0x20000dbc   Data           4  gpu.o(.data)
    gLCD_YSIZE                               0x20000dc0   Data           4  gpu.o(.data)
    gLCD_HBPD                                0x20000dc4   Data           4  gpu.o(.data)
    gLCD_HFPD                                0x20000dc8   Data           4  gpu.o(.data)
    gLCD_HSPW                                0x20000dcc   Data           4  gpu.o(.data)
    gLCD_VBPD                                0x20000dd0   Data           4  gpu.o(.data)
    gLCD_VFPD                                0x20000dd4   Data           4  gpu.o(.data)
    gLCD_VSPW                                0x20000dd8   Data           4  gpu.o(.data)
    gLCD_PCLK_EDGE                           0x20000ddc   Data           1  gpu.o(.data)
    gLCD_HS_POLARITY                         0x20000ddd   Data           1  gpu.o(.data)
    gLCD_VS_POLARITY                         0x20000dde   Data           1  gpu.o(.data)
    gLCD_DE_POLARITY                         0x20000ddf   Data           1  gpu.o(.data)
    gLCD_IFMODE                              0x20000de0   Data           1  gpu.o(.data)
    sg_rgb_mode                              0x20000de1   Data           1  gpu.o(.data)
    sg_rgb_lcdh                              0x20000de4   Data           4  gpu.o(.data)
    sg_frame_ramsize                         0x20000de8   Data           4  gpu.o(.data)
    sg_ssd28_cs                              0x20000df4   Data           1  gpu.o(.data)
    KeyCont                                  0x20000dfc   Data           4  key.o(.data)
    StopCondition                            0x20000e34   Data           4  sdcard.o(.data)
    TransferError                            0x20000e38   Data           1  sdcard.o(.data)
    TransferEnd                              0x20000e3c   Data           4  sdcard.o(.data)
    DMAEndOfTransfer                         0x20000e40   Data           4  sdcard.o(.data)
    MCU_Tsu                                  0x20000e44   Data           4  fsmc_8080.o(.data)
    ram_heap                                 0x20000e4c   Data           4  mem.o(.data)
    bw                                       0x20000e5c   Data           4  pcui_depend.o(.data)
    file_fd                                  0x20000e60   Data           1  pcui_depend.o(.data)
    sg_pdelay                                0x20000e64   Data           4  drv_sim_i2c.o(.data)
    DMATxDescToSet                           0x20000e68   Data           4  stm32f4x7_eth.o(.data)
    DMARxDescToGet                           0x20000e6c   Data           4  stm32f4x7_eth.o(.data)
    DMA_RX_FRAME_infos                       0x20000e70   Data           4  stm32f4x7_eth.o(.data)
    Frame_Rx_index                           0x20000e74   Data           4  stm32f4x7_eth.o(.data)
    __stdout                                 0x20000e7c   Data           4  stdout.o(.data)
    frame_hold_ms                            0x20000e84   Data         256  main.o(.bss)
    frame_debug                              0x20000f84   Data        1024  main.o(.bss)
    g_power_meas                             0x20001384   Data         128  main.o(.bss)
    g_meter_meas                             0x20001404   Data          40  main.o(.bss)
    XYLv                                     0x2000142c   Data          12  main.o(.bss)
    img2_adapter                             0x20001438   Data          16  main.o(.bss)
    Gamma_dev                                0x20001448   Data          20  main.o(.bss)
    User                                     0x2000145c   Data         124  main.o(.bss)
    message                                  0x200014d8   Data        4096  main.o(.bss)
    str                                      0x200024d8   Data         256  main.o(.bss)
    scanner                                  0x200025d8   Data          50  main.o(.bss)
    scancode                                 0x2000260a   Data          50  main.o(.bss)
    dataStr                                  0x2000263c   Data         128  main.o(.bss)
    procjetName                              0x200026bc   Data          64  main.o(.bss)
    date                                     0x200026fc   Data          32  main.o(.bss)
    logfilename                              0x2000271c   Data          48  main.o(.bss)
    sg_qspi_adapter                          0x20002760   Data          48  qspi_lcd.o(.bss)
    USART1_RX_BUF                            0x200029ac   Data         128  driverusart1.o(.bss)
    sg_bus_filter                            0x20002a2c   Data         336  bus.o(.bss)
    UserPcuiConfig                           0x20002b7c   Data          32  user_ui.o(.bss)
    fs                                       0x2000359c   Data         560  sd_file.o(.bss)
    fsrc                                     0x200037cc   Data         548  sd_file.o(.bss)
    fdst                                     0x200039f0   Data         548  sd_file.o(.bss)
    SDprintfStr                              0x20005c14   Data         512  sd_file.o(.bss)
    SDprintfFile                             0x20005e14   Data         548  sd_file.o(.bss)
    MAINdata                                 0x2000605c   Data        1024  s10power.o(.bss)
    myData                                   0x2000645c   Data         620  s10power.o(.bss)
    cflData                                  0x200068c8   Data         608  cfl.o(.bss)
    UIdata                                   0x20006d68   Data        4096  cfl.o(.bss)
    lwipdev                                  0x20007d68   Data          23  lwip_comm.o(.bss)
    lwip_netif                               0x20007d80   Data          48  lwip_comm.o(.bss)
    pcui                                     0x20007db0   Data        8760  pcui.o(.bss)
    SDCardInfo                               0x2000c398   Data          88  sdcard.o(.bss)
    SDIO_InitStructure                       0x2000c3f0   Data          24  sdcard.o(.bss)
    SDIO_CmdInitStructure                    0x2000c408   Data          20  sdcard.o(.bss)
    SDIO_DataInitStructure                   0x2000c41c   Data          24  sdcard.o(.bss)
    pcui_fil                                 0x2000c45c   Data         548  pcui_depend.o(.bss)
    pcui_dir                                 0x2000c680   Data          36  pcui_depend.o(.bss)
    __initial_sp                             0x2000d728   Data           0  startup_stm32f40_41xxx.o(STACK)



==============================================================================

Memory Map of the image

  Image Entry point : 0x08010189

  Load Region LR_IROM1 (Base: 0x08010000, Size: 0x00012fb4, Max: 0x00070000, ABSOLUTE, COMPRESSED[0x00012664])

    Execution Region ER_IROM1 (Base: 0x08010000, Size: 0x00012130, Max: 0x00070000, ABSOLUTE)

    Base Addr    Size         Type   Attr      Idx    E Section Name        Object

    0x08010000   0x00000188   Data   RO         2248    RESET               startup_stm32f40_41xxx.o
    0x08010188   0x00000000   Code   RO         6070  * .ARM.Collect$$$$00000000  mc_w.l(entry.o)
    0x08010188   0x00000004   Code   RO         6469    .ARM.Collect$$$$00000001  mc_w.l(entry2.o)
    0x0801018c   0x00000004   Code   RO         6472    .ARM.Collect$$$$00000004  mc_w.l(entry5.o)
    0x08010190   0x00000000   Code   RO         6474    .ARM.Collect$$$$00000008  mc_w.l(entry7b.o)
    0x08010190   0x00000000   Code   RO         6476    .ARM.Collect$$$$0000000A  mc_w.l(entry8b.o)
    0x08010190   0x00000008   Code   RO         6477    .ARM.Collect$$$$0000000B  mc_w.l(entry9a.o)
    0x08010198   0x00000004   Code   RO         6484    .ARM.Collect$$$$0000000E  mc_w.l(entry12b.o)
    0x0801019c   0x00000000   Code   RO         6479    .ARM.Collect$$$$0000000F  mc_w.l(entry10a.o)
    0x0801019c   0x00000000   Code   RO         6481    .ARM.Collect$$$$00000011  mc_w.l(entry11a.o)
    0x0801019c   0x00000004   Code   RO         6470    .ARM.Collect$$$$00002712  mc_w.l(entry2.o)
    0x080101a0   0x00000024   Code   RO         2249    .text               startup_stm32f40_41xxx.o
    0x080101c4   0x00000062   Code   RO         6073    .text               mc_w.l(uldiv.o)
    0x08010226   0x00000002   PAD
    0x08010228   0x00000008   Code   RO         6075    .text               mc_w.l(ctype_o.o)
    0x08010230   0x00000012   Code   RO         6097    .text               mc_w.l(isspace_o.o)
    0x08010242   0x00000024   Code   RO         6103    .text               mc_w.l(memcpya.o)
    0x08010266   0x00000024   Code   RO         6105    .text               mc_w.l(memseta.o)
    0x0801028a   0x00000024   Code   RO         6109    .text               mc_w.l(strstr.o)
    0x080102ae   0x00000018   Code   RO         6111    .text               mc_w.l(strncpy.o)
    0x080102c6   0x00000014   Code   RO         6113    .text               mc_w.l(strchr.o)
    0x080102da   0x0000000e   Code   RO         6115    .text               mc_w.l(strlen.o)
    0x080102e8   0x0000001c   Code   RO         6117    .text               mc_w.l(strcmp.o)
    0x08010304   0x00000014   Code   RO         6119    .text               mc_w.l(memchr.o)
    0x08010318   0x00000028   Code   RO         6123    .text               mc_w.l(strncat.o)
    0x08010340   0x00000012   Code   RO         6125    .text               mc_w.l(strcpy.o)
    0x08010352   0x00000002   PAD
    0x08010354   0x00000044   Code   RO         6127    .text               mc_w.l(strtok.o)
    0x08010398   0x00000016   Code   RO         6133    .text               mc_w.l(strrchr.o)
    0x080103ae   0x00000002   PAD
    0x080103b0   0x00000030   Code   RO         6398    .text               mc_w.l(vsscanf.o)
    0x080103e0   0x00000038   Code   RO         6400    .text               mc_w.l(__0sscanf.o)
    0x08010418   0x0000014c   Code   RO         6402    .text               mc_w.l(_scanf_int.o)
    0x08010564   0x000000e0   Code   RO         6404    .text               mc_w.l(_scanf_str.o)
    0x08010644   0x0000001a   Code   RO         6406    .text               mc_w.l(atoi.o)
    0x0801065e   0x0000014e   Code   RO         6408    .text               mf_w.l(dadd.o)
    0x080107ac   0x000000e4   Code   RO         6410    .text               mf_w.l(dmul.o)
    0x08010890   0x000000de   Code   RO         6412    .text               mf_w.l(ddiv.o)
    0x0801096e   0x0000001c   Code   RO         6414    .text               mf_w.l(ffltul.o)
    0x0801098a   0x00000022   Code   RO         6416    .text               mf_w.l(dflti.o)
    0x080109ac   0x0000001a   Code   RO         6418    .text               mf_w.l(dfltui.o)
    0x080109c6   0x0000003e   Code   RO         6420    .text               mf_w.l(dfixi.o)
    0x08010a04   0x00000032   Code   RO         6422    .text               mf_w.l(dfixui.o)
    0x08010a36   0x00000002   PAD
    0x08010a38   0x00000030   Code   RO         6426    .text               mf_w.l(cdcmple.o)
    0x08010a68   0x00000030   Code   RO         6428    .text               mf_w.l(cdrcmple.o)
    0x08010a98   0x00000038   Code   RO         6430    .text               mf_w.l(d2f.o)
    0x08010ad0   0x0000002c   Code   RO         6486    .text               mc_w.l(uidiv.o)
    0x08010afc   0x0000001e   Code   RO         6488    .text               mc_w.l(llshl.o)
    0x08010b1a   0x00000020   Code   RO         6490    .text               mc_w.l(llushr.o)
    0x08010b3a   0x00000024   Code   RO         6492    .text               mc_w.l(llsshr.o)
    0x08010b5e   0x0000001c   Code   RO         6501    .text               mc_w.l(_chval.o)
    0x08010b7a   0x00000156   Code   RO         6503    .text               mc_w.l(_scanf_longlong.o)
    0x08010cd0   0x00000028   Code   RO         6509    .text               mc_w.l(scanf_char.o)
    0x08010cf8   0x00000040   Code   RO         6511    .text               mc_w.l(_sgetc.o)
    0x08010d38   0x00000070   Code   RO         6515    .text               mc_w.l(strtol.o)
    0x08010da8   0x00000000   Code   RO         6517    .text               mc_w.l(iusefp.o)
    0x08010da8   0x0000006e   Code   RO         6518    .text               mf_w.l(fepilogue.o)
    0x08010e16   0x000000ba   Code   RO         6520    .text               mf_w.l(depilogue.o)
    0x08010ed0   0x0000002e   Code   RO         6524    .text               mf_w.l(dscalb.o)
    0x08010efe   0x00000002   Code   RO         5215    i.BU250x_delay      H10_8LANE.lib(bu250x.o)
    0x08010f00   0x0000002b   Data   RO         3951    .ARM.__AT_0x08010F00  H10_8LANE.lib(versionnumber.o)
    0x08010f2b   0x00000001   PAD
    0x08010f2c   0x00000360   Code   RO         6505    .text               mc_w.l(scanf_fp.o)
    0x0801128c   0x00000030   Code   RO         6526    .text               mf_w.l(dfixul.o)
    0x080112bc   0x00000024   Code   RO         6528    .text               mc_w.l(init.o)
    0x080112e0   0x00000330   Code   RO         6532    .text               mc_w.l(_scanf.o)
    0x08011610   0x0000009e   Code   RO         6534    .text               mc_w.l(_strtoul.o)
    0x080116ae   0x000000a2   Code   RO         6536    .text               mf_w.l(dsqrt.o)
    0x08011750   0x00000018   Code   RO         6538    .text               mf_w.l(dfltul.o)
    0x08011768   0x00000056   Code   RO         6551    .text               mc_w.l(__dczerorl2.o)
    0x080117be   0x00000016   Code   RO         5711    i.ADC_Cmd           H10_8LANE.lib(stm32f4xx_adc.o)
    0x080117d4   0x00000030   Code   RO         5712    i.ADC_CommonInit    H10_8LANE.lib(stm32f4xx_adc.o)
    0x08011804   0x00000064   Code   RO         5163    i.ADC_GetChannValue  H10_8LANE.lib(hvadc.o)
    0x08011868   0x00000008   Code   RO         5723    i.ADC_GetConversionValue  H10_8LANE.lib(stm32f4xx_adc.o)
    0x08011870   0x00000012   Code   RO         5724    i.ADC_GetFlagStatus  H10_8LANE.lib(stm32f4xx_adc.o)
    0x08011882   0x00000002   PAD
    0x08011884   0x00000054   Code   RO         5731    i.ADC_Init          H10_8LANE.lib(stm32f4xx_adc.o)
    0x080118d8   0x000000b8   Code   RO         5736    i.ADC_RegularChannelConfig  H10_8LANE.lib(stm32f4xx_adc.o)
    0x08011990   0x0000000a   Code   RO         5738    i.ADC_SoftwareStartConv  H10_8LANE.lib(stm32f4xx_adc.o)
    0x0801199a   0x00000002   PAD
    0x0801199c   0x0000002c   Code   RO         5741    i.ADC_TempSensorVrefintCmd  H10_8LANE.lib(stm32f4xx_adc.o)
    0x080119c8   0x00000010   Code   RO            4    i.AVDD_EN_0         main.o
    0x080119d8   0x00000010   Code   RO            5    i.AVDD_EN_1         main.o
    0x080119e8   0x00000050   Code   RO         5212    i.BU250x_Init       H10_8LANE.lib(bu250x.o)
    0x08011a38   0x0000003c   Code   RO         5213    i.BU250x_Set        H10_8LANE.lib(bu250x.o)
    0x08011a74   0x0000004c   Code   RO         5214    i.BU250x_WriteDat   H10_8LANE.lib(bu250x.o)
    0x08011ac0   0x000000bc   Code   RO         4247    i.BUSCFL_SendData   H10_8LANE.lib(cfl.o)
    0x08011b7c   0x00000044   Code   RO         4053    i.BUSREC_Init       H10_8LANE.lib(s10power.o)
    0x08011bc0   0x00000092   Code   RO         4054    i.BUSREC_SendData   H10_8LANE.lib(s10power.o)
    0x08011c52   0x00000002   PAD
    0x08011c54   0x00000030   Code   RO         4055    i.BUSREC_dataBufInit  H10_8LANE.lib(s10power.o)
    0x08011c84   0x00000004   Code   RO          458    i.BusFault_Handler  stm32f4xx_it.o
    0x08011c88   0x00000024   Code   RO         4056    i.BusREC_BusRxIrqHandler  H10_8LANE.lib(s10power.o)
    0x08011cac   0x0000000e   Code   RO         1957    i.Bus_AddRxMdl      bus.o
    0x08011cba   0x0000000a   Code   RO         1960    i.Bus_Init          bus.o
    0x08011cc4   0x0000000e   Code   RO         1962    i.Bus_SendMsg       bus.o
    0x08011cd2   0x00000002   PAD
    0x08011cd4   0x00000054   Code   RO         1963    i.CAN1_RX0_IRQHandler  bus.o
    0x08011d28   0x00000304   Code   RO         1964    i.CANBus_AddRxMdl   bus.o
    0x0801202c   0x00000100   Code   RO         1965    i.CANBus_Init       bus.o
    0x0801212c   0x00000080   Code   RO         1966    i.CANBus_SendMsg    bus.o
    0x080121ac   0x00000108   Code   RO         3900    i.CAN_FilterInit    H10_8LANE.lib(stm32f4xx_can.o)
    0x080122b4   0x00000012   Code   RO         3906    i.CAN_ITConfig      H10_8LANE.lib(stm32f4xx_can.o)
    0x080122c6   0x00000114   Code   RO         3907    i.CAN_Init          H10_8LANE.lib(stm32f4xx_can.o)
    0x080123da   0x000000f0   Code   RO         3910    i.CAN_Receive       H10_8LANE.lib(stm32f4xx_can.o)
    0x080124ca   0x00000126   Code   RO         3915    i.CAN_Transmit      H10_8LANE.lib(stm32f4xx_can.o)
    0x080125f0   0x000000a0   Code   RO         3916    i.CAN_TransmitStatus  H10_8LANE.lib(stm32f4xx_can.o)
    0x08012690   0x0000006c   Code   RO         5669    i.CDCE913_Init      H10_8LANE.lib(cdce913.o)
    0x080126fc   0x00000056   Code   RO         5670    i.CDCE913_RdReg     H10_8LANE.lib(cdce913.o)
    0x08012752   0x0000004e   Code   RO         5671    i.CDCE913_WrReg     H10_8LANE.lib(cdce913.o)
    0x080127a0   0x00000164   Code   RO         5672    i.CDCE913_Y1F       H10_8LANE.lib(cdce913.o)
    0x08012904   0x00000010   Code   RO         4267    i.CFL_Set_CH        H10_8LANE.lib(cfl.o)
    0x08012914   0x0000002c   Code   RO         5061    i.CmdError          H10_8LANE.lib(sdcard.o)
    0x08012940   0x00000134   Code   RO         5062    i.CmdResp1Error     H10_8LANE.lib(sdcard.o)
    0x08012a74   0x0000004c   Code   RO         5063    i.CmdResp2Error     H10_8LANE.lib(sdcard.o)
    0x08012ac0   0x00000038   Code   RO         5064    i.CmdResp3Error     H10_8LANE.lib(sdcard.o)
    0x08012af8   0x0000009c   Code   RO         5065    i.CmdResp6Error     H10_8LANE.lib(sdcard.o)
    0x08012b94   0x0000004c   Code   RO         5066    i.CmdResp7Error     H10_8LANE.lib(sdcard.o)
    0x08012be0   0x00000008   Code   RO         5067    i.DMA2_Stream3_IRQHandler  H10_8LANE.lib(sdcard.o)
    0x08012be8   0x00000034   Code   RO         2256    i.DMA_ClearFlag     stm32f4xx_dma.o
    0x08012c1c   0x00000016   Code   RO         2258    i.DMA_Cmd           stm32f4xx_dma.o
    0x08012c32   0x00000002   PAD
    0x08012c34   0x00000158   Code   RO         2259    i.DMA_DeInit        stm32f4xx_dma.o
    0x08012d8c   0x00000016   Code   RO         2262    i.DMA_FlowControllerConfig  stm32f4xx_dma.o
    0x08012da2   0x0000003a   Code   RO         2269    i.DMA_ITConfig      stm32f4xx_dma.o
    0x08012ddc   0x00000058   Code   RO         2270    i.DMA_Init          stm32f4xx_dma.o
    0x08012e34   0x00000002   Code   RO          459    i.DebugMon_Handler  stm32f4xx_it.o
    0x08012e36   0x00000018   Code   RO         3581    i.Delay_ms          delay.o
    0x08012e4e   0x00000052   Code   RO         3582    i.Delay_us          delay.o
    0x08012ea0   0x0000012c   Code   RO            7    i.Display_OFF       main.o
    0x08012fcc   0x000000cc   Code   RO            8    i.Display_ON        main.o
    0x08013098   0x0000005c   Code   RO         5637    i.DrvSimI2C_Init    H10_8LANE.lib(drv_sim_i2c.o)
    0x080130f4   0x0000007a   Code   RO         5638    i.DrvSimI2C_Read    H10_8LANE.lib(drv_sim_i2c.o)
    0x0801316e   0x0000002e   Code   RO         5639    i.DrvSimI2C_Start   H10_8LANE.lib(drv_sim_i2c.o)
    0x0801319c   0x00000024   Code   RO         5640    i.DrvSimI2C_Stop    H10_8LANE.lib(drv_sim_i2c.o)
    0x080131c0   0x0000006e   Code   RO         5641    i.DrvSimI2C_Write   H10_8LANE.lib(drv_sim_i2c.o)
    0x0801322e   0x00000002   PAD
    0x08013230   0x0000000c   Code   RO         5858    i.ETH_DMAClearITPendingBit  H10_8LANE.lib(stm32f4x7_eth.o)
    0x0801323c   0x0000000a   Code   RO         5887    i.ETH_GetDMARxDescFrameLength  H10_8LANE.lib(stm32f4x7_eth.o)
    0x08013246   0x0000002a   Code   RO         5900    i.ETH_GetRxPktSize  H10_8LANE.lib(stm32f4x7_eth.o)
    0x08013270   0x00000028   Code   RO         5324    i.ETH_IRQHandler    H10_8LANE.lib(lan8720.o)
    0x08013298   0x0000009c   Code   RO         5327    i.ETH_Rx_Packet     H10_8LANE.lib(lan8720.o)
    0x08013334   0x0000004c   Code   RO           10    i.EXTI3_IRQHandler  main.o
    0x08013380   0x0000000c   Code   RO         3681    i.EXTI_ClearITPendingBit  stm32f4xx_exti.o
    0x0801338c   0x00000018   Code   RO         3685    i.EXTI_GetITStatus  stm32f4xx_exti.o
    0x080133a4   0x000000ec   Code   RO         5180    i.FSMC8080_GPIOConfig  H10_8LANE.lib(fsmc_8080.o)
    0x08013490   0x0000000c   Code   RO         5181    i.FSMC8080_Init     H10_8LANE.lib(fsmc_8080.o)
    0x0801349c   0x0000000c   Code   RO         3960    i.FSMC8080_WrCmd    H10_8LANE.lib(gpu.o)
    0x080134a8   0x00000080   Code   RO         5185    i.FSMCInit          H10_8LANE.lib(fsmc_8080.o)
    0x08013528   0x00000034   Code   RO         3397    i.FSMC_NORSRAMCmd   stm32f4xx_fsmc.o
    0x0801355c   0x00000124   Code   RO         3399    i.FSMC_NORSRAMInit  stm32f4xx_fsmc.o
    0x08013680   0x00000194   Code   RO         5068    i.FindSCR           H10_8LANE.lib(sdcard.o)
    0x08013814   0x00000090   Code   RO         2389    i.GPIO_Init         stm32f4xx_gpio.o
    0x080138a4   0x00000046   Code   RO         2390    i.GPIO_PinAFConfig  stm32f4xx_gpio.o
    0x080138ea   0x00000002   PAD
    0x080138ec   0x00000068   Code   RO         5642    i.GPIO_RCC          H10_8LANE.lib(drv_sim_i2c.o)
    0x08013954   0x00000012   Code   RO         2393    i.GPIO_ReadInputDataBit  stm32f4xx_gpio.o
    0x08013966   0x00000004   Code   RO         2396    i.GPIO_ResetBits    stm32f4xx_gpio.o
    0x0801396a   0x00000004   Code   RO         2397    i.GPIO_SetBits      stm32f4xx_gpio.o
    0x0801396e   0x00000002   PAD
    0x08013970   0x00000324   Code   RO         3961    i.GPU_Config        H10_8LANE.lib(gpu.o)
    0x08013c94   0x00000038   Code   RO         3964    i.GPU_GPIOConfig    H10_8LANE.lib(gpu.o)
    0x08013ccc   0x0000002a   Code   RO         3965    i.GPU_GetBoardID    H10_8LANE.lib(gpu.o)
    0x08013cf6   0x0000001e   Code   RO         3966    i.GPU_GetVersion    H10_8LANE.lib(gpu.o)
    0x08013d14   0x000000c0   Code   RO         3967    i.GPU_GotoLoadFrameXy  H10_8LANE.lib(gpu.o)
    0x08013dd4   0x000001f8   Code   RO         3969    i.GPU_Init          H10_8LANE.lib(gpu.o)
    0x08013fcc   0x00000038   Code   RO         3974    i.GPU_RST_0         H10_8LANE.lib(gpu.o)
    0x08014004   0x0000002c   Code   RO         3975    i.GPU_RST_1         H10_8LANE.lib(gpu.o)
    0x08014030   0x0000000c   Code   RO         3976    i.GPU_RdData        H10_8LANE.lib(gpu.o)
    0x0801403c   0x00000012   Code   RO         3978    i.GPU_SSD28_CS_A    H10_8LANE.lib(gpu.o)
    0x0801404e   0x00000012   Code   RO         3979    i.GPU_SSD28_CS_B    H10_8LANE.lib(gpu.o)
    0x08014060   0x00000012   Code   RO         3983    i.GPU_SSD28_WrCmd   H10_8LANE.lib(gpu.o)
    0x08014072   0x00000028   Code   RO         3984    i.GPU_SSD28_WrData  H10_8LANE.lib(gpu.o)
    0x0801409a   0x0000002e   Code   RO         3986    i.GPU_TESTRdPixAddr  H10_8LANE.lib(gpu.o)
    0x080140c8   0x00000040   Code   RO         3987    i.GPU_TESTWrPixAddr  H10_8LANE.lib(gpu.o)
    0x08014108   0x0000000c   Code   RO         3988    i.GPU_WrByteRGB     H10_8LANE.lib(gpu.o)
    0x08014114   0x00000024   Code   RO         3989    i.GPU_WrCmd         H10_8LANE.lib(gpu.o)
    0x08014138   0x0000000c   Code   RO         3990    i.GPU_WrPara        H10_8LANE.lib(gpu.o)
    0x08014144   0x00000014   Code   RO         3991    i.GPU_WrRGB         H10_8LANE.lib(gpu.o)
    0x08014158   0x0000001c   Code   RO         3621    i.GetMeasureTime_ms  systick.o
    0x08014174   0x000000ac   Code   RO         5165    i.HVADC_GetVer      H10_8LANE.lib(hvadc.o)
    0x08014220   0x0000008c   Code   RO         5166    i.HVADC_Init        H10_8LANE.lib(hvadc.o)
    0x080142ac   0x00000004   Code   RO          460    i.HardFault_Handler  stm32f4xx_it.o
    0x080142b0   0x0000005c   Code   RO         5199    i.I2CCLK_Init       H10_8LANE.lib(i2c_clk.o)
    0x0801430c   0x00000028   Code   RO         5200    i.I2CCLK_Set        H10_8LANE.lib(i2c_clk.o)
    0x08014334   0x00000064   Code   RO         5683    i.I2C_Read_Reg      H10_8LANE.lib(si5351a.o)
    0x08014398   0x00000052   Code   RO         5684    i.I2C_Write_Reg     H10_8LANE.lib(si5351a.o)
    0x080143ea   0x00000002   PAD
    0x080143ec   0x0000002c   Code   RO         4204    i.IOVOL_Set         H10_8LANE.lib(othervdd.o)
    0x08014418   0x0000009c   Code   RO           12    i.IO_Configuration  main.o
    0x080144b4   0x00000068   Code   RO          824    i.Img_Box           in_img.o
    0x0801451c   0x00000120   Code   RO          825    i.Img_CT            in_img.o
    0x0801463c   0x000004bc   Code   RO          827    i.Img_Chcker58      in_img.o
    0x08014af8   0x000000c4   Code   RO          828    i.Img_ColorBar      in_img.o
    0x08014bbc   0x00000050   Code   RO          829    i.Img_Flicker       in_img.o
    0x08014c0c   0x0000005c   Code   RO          830    i.Img_Full          in_img.o
    0x08014c68   0x0000005c   Code   RO          833    i.Img_Gray256_H     in_img.o
    0x08014cc4   0x0000005c   Code   RO          834    i.Img_Gray256_V     in_img.o
    0x08014d20   0x0000007c   Code   RO         2077    i.KEYDOWN           user_ui.o
    0x08014d9c   0x0000007c   Code   RO         2078    i.KEYUP             user_ui.o
    0x08014e18   0x00000030   Code   RO         2079    i.KEY_Enter         user_ui.o
    0x08014e48   0x00000064   Code   RO         4040    i.KEY_Init          H10_8LANE.lib(key.o)
    0x08014eac   0x0000016c   Code   RO         4041    i.KEY_Read          H10_8LANE.lib(key.o)
    0x08015018   0x000000b4   Code   RO         4042    i.KEY_SetLED        H10_8LANE.lib(key.o)
    0x080150cc   0x00000010   Code   RO           13    i.LCD_RST_0         main.o
    0x080150dc   0x00000010   Code   RO           14    i.LCD_RST_1         main.o
    0x080150ec   0x00000074   Code   RO          610    i.MIPI_WrArray      ssd2828.o
    0x08015160   0x00000078   Code   RO         4068    i.MONITOR_Printf    H10_8LANE.lib(s10power.o)
    0x080151d8   0x00000016   Code   RO         4069    i.MONITOR_SetBee    H10_8LANE.lib(s10power.o)
    0x080151ee   0x00000010   Code   RO         4071    i.MONITOR_SetName   H10_8LANE.lib(s10power.o)
    0x080151fe   0x00000012   Code   RO         4074    i.MONITOR_ShowPage  H10_8LANE.lib(s10power.o)
    0x08015210   0x0000000c   Code   RO         3622    i.MeasureTimeStart_ms  systick.o
    0x0801521c   0x00000004   Code   RO          461    i.MemManage_Handler  stm32f4xx_it.o
    0x08015220   0x00000098   Code   RO         2080    i.MysetLineEdit_ParameterPage4  user_ui.o
    0x080152b8   0x00000002   Code   RO          462    i.NMI_Handler       stm32f4xx_it.o
    0x080152ba   0x0000000c   Code   RO         3746    i.NVIC_Configuration  s10.o
    0x080152c6   0x00000002   PAD
    0x080152c8   0x00000078   Code   RO         3218    i.NVIC_Init         misc.o
    0x08015340   0x00000014   Code   RO         3219    i.NVIC_PriorityGroupConfig  misc.o
    0x08015354   0x000000a8   Code   RO         4205    i.OTHERVDD_Init     H10_8LANE.lib(othervdd.o)
    0x080153fc   0x00000034   Code   RO         3993    i.PD_CommandMode    H10_8LANE.lib(gpu.o)
    0x08015430   0x0000004c   Code   RO         5594    i.PG_Reboot         H10_8LANE.lib(pcui_depend.o)
    0x0801547c   0x000000d4   Code   RO         4077    i.POWER_GetVersion  H10_8LANE.lib(s10power.o)
    0x08015550   0x00000008   Code   RO         4078    i.POWER_Init        H10_8LANE.lib(s10power.o)
    0x08015558   0x00000030   Code   RO         4081    i.POWER_SetIxMeaRange  H10_8LANE.lib(s10power.o)
    0x08015588   0x00000036   Code   RO         4082    i.POWER_SetVDD      H10_8LANE.lib(s10power.o)
    0x080155be   0x00000002   PAD
    0x080155c0   0x000000c0   Code   RO           16    i.Panel_Init        main.o
    0x08015680   0x000000ac   Code   RO           17    i.Panel_Read        main.o
    0x0801572c   0x00000002   Code   RO          463    i.PendSV_Handler    stm32f4xx_it.o
    0x0801572e   0x00000002   PAD
    0x08015730   0x00000030   Code   RO         2081    i.PowerOFF          user_ui.o
    0x08015760   0x00000030   Code   RO         2082    i.PowerOn           user_ui.o
    0x08015790   0x000000a0   Code   RO         4087    i.Power_SetMonitorStringName  H10_8LANE.lib(s10power.o)
    0x08015830   0x00000130   Code   RO         4207    i.Power_SetVDDx     H10_8LANE.lib(othervdd.o)
    0x08015960   0x00000064   Code   RO         4094    i.Power_setBeep     H10_8LANE.lib(s10power.o)
    0x080159c4   0x000000b8   Code   RO         4101    i.Power_setMaxMinFlag  H10_8LANE.lib(s10power.o)
    0x08015a7c   0x00000074   Code   RO         4104    i.Power_setPowerName  H10_8LANE.lib(s10power.o)
    0x08015af0   0x000000a4   Code   RO         4105    i.Power_setPowerStalls  H10_8LANE.lib(s10power.o)
    0x08015b94   0x00000100   Code   RO         4106    i.Power_setPowerV   H10_8LANE.lib(s10power.o)
    0x08015c94   0x00000064   Code   RO         4109    i.Power_setShowid   H10_8LANE.lib(s10power.o)
    0x08015cf8   0x00000030   Code   RO         4878    i.QSPI_1W_ReadByte  H10_8LANE.lib(sim_qspi.o)
    0x08015d28   0x00000060   Code   RO         4879    i.QSPI_1W_ReadWriteData  H10_8LANE.lib(sim_qspi.o)
    0x08015d88   0x0000003e   Code   RO         4880    i.QSPI_1W_WriteByte  H10_8LANE.lib(sim_qspi.o)
    0x08015dc6   0x00000002   PAD
    0x08015dc8   0x0000007c   Code   RO         1085    i.QSPI_LCD_PackWrite  qspi_lcd.o
    0x08015e44   0x00000020   Code   RO         2490    i.RCC_AHB1PeriphClockCmd  stm32f4xx_rcc.o
    0x08015e64   0x00000020   Code   RO         2496    i.RCC_AHB3PeriphClockCmd  stm32f4xx_rcc.o
    0x08015e84   0x00000020   Code   RO         2499    i.RCC_APB1PeriphClockCmd  stm32f4xx_rcc.o
    0x08015ea4   0x00000020   Code   RO         2502    i.RCC_APB2PeriphClockCmd  stm32f4xx_rcc.o
    0x08015ec4   0x00000020   Code   RO         2504    i.RCC_APB2PeriphResetCmd  stm32f4xx_rcc.o
    0x08015ee4   0x000000e8   Code   RO         2511    i.RCC_GetClocksFreq  stm32f4xx_rcc.o
    0x08015fcc   0x00000164   Code   RO         1793    i.ReadALLcode       init_code.o
    0x08016130   0x00000150   Code   RO         3747    i.S10_Init          s10.o
    0x08016280   0x0000000a   Code   RO         4113    i.S10_StopAlarm     H10_8LANE.lib(s10power.o)
    0x0801628a   0x00000002   PAD
    0x0801628c   0x00000034   Code   RO         5643    i.SCL_Hight         H10_8LANE.lib(drv_sim_i2c.o)
    0x080162c0   0x00000050   Code   RO         5644    i.SCL_Low           H10_8LANE.lib(drv_sim_i2c.o)
    0x08016310   0x00000034   Code   RO         5645    i.SDA_Hight         H10_8LANE.lib(drv_sim_i2c.o)
    0x08016344   0x00000020   Code   RO         5646    i.SDA_Input         H10_8LANE.lib(drv_sim_i2c.o)
    0x08016364   0x00000050   Code   RO         5647    i.SDA_Low           H10_8LANE.lib(drv_sim_i2c.o)
    0x080163b4   0x0000002c   Code   RO         3864    i.SDCard_2_Confg    H10_8LANE.lib(sd_file.o)
    0x080163e0   0x000000ac   Code   RO         3868    i.SDCard_Init       H10_8LANE.lib(sd_file.o)
    0x0801648c   0x0000011c   Code   RO         5070    i.SDEnWideBus       H10_8LANE.lib(sdcard.o)
    0x080165a8   0x0000000c   Code   RO         2829    i.SDIO_ClearFlag    stm32f4xx_sdio.o
    0x080165b4   0x0000000c   Code   RO         2830    i.SDIO_ClearITPendingBit  stm32f4xx_sdio.o
    0x080165c0   0x0000000c   Code   RO         2831    i.SDIO_ClockCmd     stm32f4xx_sdio.o
    0x080165cc   0x0000000c   Code   RO         2834    i.SDIO_DMACmd       stm32f4xx_sdio.o
    0x080165d8   0x00000034   Code   RO         2835    i.SDIO_DataConfig   stm32f4xx_sdio.o
    0x0801660c   0x00000016   Code   RO         2837    i.SDIO_DeInit       stm32f4xx_sdio.o
    0x08016622   0x00000002   PAD
    0x08016624   0x0000000c   Code   RO         2838    i.SDIO_GetCommandResponse  stm32f4xx_sdio.o
    0x08016630   0x00000018   Code   RO         2841    i.SDIO_GetFlagStatus  stm32f4xx_sdio.o
    0x08016648   0x00000018   Code   RO         2842    i.SDIO_GetITStatus  stm32f4xx_sdio.o
    0x08016660   0x00000010   Code   RO         2843    i.SDIO_GetPowerState  stm32f4xx_sdio.o
    0x08016670   0x00000018   Code   RO         2844    i.SDIO_GetResponse  stm32f4xx_sdio.o
    0x08016688   0x00000008   Code   RO         5071    i.SDIO_IRQHandler   H10_8LANE.lib(sdcard.o)
    0x08016690   0x00000020   Code   RO         2845    i.SDIO_ITConfig     stm32f4xx_sdio.o
    0x080166b0   0x00000030   Code   RO         2846    i.SDIO_Init         stm32f4xx_sdio.o
    0x080166e0   0x0000000c   Code   RO         2847    i.SDIO_ReadData     stm32f4xx_sdio.o
    0x080166ec   0x0000002c   Code   RO         2849    i.SDIO_SendCommand  stm32f4xx_sdio.o
    0x08016718   0x0000000c   Code   RO         2851    i.SDIO_SetPowerState  stm32f4xx_sdio.o
    0x08016724   0x000002dc   Code   RO         3873    i.SDImg_BMPWrRGB    H10_8LANE.lib(sd_file.o)
    0x08016a00   0x000000ec   Code   RO         3874    i.SDImg_Wait        H10_8LANE.lib(sd_file.o)
    0x08016aec   0x0000000c   Code   RO         5073    i.SD_Detect         H10_8LANE.lib(sdcard.o)
    0x08016af8   0x00000090   Code   RO         5074    i.SD_EnableWideBusOperation  H10_8LANE.lib(sdcard.o)
    0x08016b88   0x0000031c   Code   RO         5076    i.SD_GetCardInfo    H10_8LANE.lib(sdcard.o)
    0x08016ea4   0x00000026   Code   RO         5078    i.SD_GetState       H10_8LANE.lib(sdcard.o)
    0x08016eca   0x0000001e   Code   RO         5079    i.SD_GetStatus      H10_8LANE.lib(sdcard.o)
    0x08016ee8   0x00000088   Code   RO         5082    i.SD_Init           H10_8LANE.lib(sdcard.o)
    0x08016f70   0x0000013c   Code   RO         5083    i.SD_InitializeCards  H10_8LANE.lib(sdcard.o)
    0x080170ac   0x00000090   Code   RO         5084    i.SD_LowLevel_DMA_RxConfig  H10_8LANE.lib(sdcard.o)
    0x0801713c   0x00000090   Code   RO         5085    i.SD_LowLevel_DMA_TxConfig  H10_8LANE.lib(sdcard.o)
    0x080171cc   0x000000a4   Code   RO         5087    i.SD_LowLevel_Init  H10_8LANE.lib(sdcard.o)
    0x08017270   0x000001a0   Code   RO         5089    i.SD_PowerON        H10_8LANE.lib(sdcard.o)
    0x08017410   0x00000028   Code   RO         5090    i.SD_ProcessDMAIRQ  H10_8LANE.lib(sdcard.o)
    0x08017438   0x000000ac   Code   RO         5091    i.SD_ProcessIRQSrc  H10_8LANE.lib(sdcard.o)
    0x080174e4   0x000000f0   Code   RO         5092    i.SD_ReadBlock      H10_8LANE.lib(sdcard.o)
    0x080175d4   0x000000f8   Code   RO         5093    i.SD_ReadMultiBlocks  H10_8LANE.lib(sdcard.o)
    0x080176cc   0x00000038   Code   RO         5094    i.SD_SelectDeselect  H10_8LANE.lib(sdcard.o)
    0x08017704   0x00000054   Code   RO         5096    i.SD_SendStatus     H10_8LANE.lib(sdcard.o)
    0x08017758   0x00000034   Code   RO         5097    i.SD_StopTransfer   H10_8LANE.lib(sdcard.o)
    0x0801778c   0x00000080   Code   RO         5098    i.SD_WaitReadOperation  H10_8LANE.lib(sdcard.o)
    0x0801780c   0x00000080   Code   RO         5099    i.SD_WaitWriteOperation  H10_8LANE.lib(sdcard.o)
    0x0801788c   0x000000ec   Code   RO         5100    i.SD_WriteBlock     H10_8LANE.lib(sdcard.o)
    0x08017978   0x00000158   Code   RO         5101    i.SD_WriteMultiBlocks  H10_8LANE.lib(sdcard.o)
    0x08017ad0   0x00000060   Code   RO         1343    i.SPI_DispArea      stm_spi.o
    0x08017b30   0x0000001c   Code   RO         1344    i.SPI_RGB           stm_spi.o
    0x08017b4c   0x00000070   Code   RO         1345    i.SPI_Read          stm_spi.o
    0x08017bbc   0x0000007c   Code   RO         1346    i.SPI_Read_Buffer   stm_spi.o
    0x08017c38   0x00000044   Code   RO         1347    i.SPI_Receiver_Dat  stm_spi.o
    0x08017c7c   0x00000098   Code   RO         1349    i.SPI_SendX         stm_spi.o
    0x08017d14   0x0000004c   Code   RO         1350    i.SPI_Send_Dat      stm_spi.o
    0x08017d60   0x00000080   Code   RO          612    i.SPI_WriteCmd      ssd2828.o
    0x08017de0   0x00000080   Code   RO          613    i.SPI_WriteData     ssd2828.o
    0x08017e60   0x00000046   Code   RO         2083    i.SPI_WriteParams   user_ui.o
    0x08017ea6   0x00000002   PAD
    0x08017ea8   0x00000068   Code   RO         1353    i.SPI_Write_4data   stm_spi.o
    0x08017f10   0x00000034   Code   RO         1354    i.SPI_Write_cmd     stm_spi.o
    0x08017f44   0x00000004   Code   RO         1355    i.SPI_delay         stm_spi.o
    0x08017f48   0x00000038   Code   RO          618    i.SSD2828_CS_0      ssd2828.o
    0x08017f80   0x00000010   Code   RO          619    i.SSD2828_CS_1      ssd2828.o
    0x08017f90   0x00000088   Code   RO          621    i.SSD2828_DcsLongWrite  ssd2828.o
    0x08018018   0x00000084   Code   RO          623    i.SSD2828_DcsShortWrite  ssd2828.o
    0x0801809c   0x00000120   Code   RO          624    i.SSD2828_GPIOConfig  ssd2828.o
    0x080181bc   0x00000088   Code   RO          625    i.SSD2828_GenericLongWrite  ssd2828.o
    0x08018244   0x00000084   Code   RO          627    i.SSD2828_GenericShortWrite  ssd2828.o
    0x080182c8   0x0000002c   Code   RO          629    i.SSD2828_Init      ssd2828.o
    0x080182f4   0x00000014   Code   RO          632    i.SSD2828_POWER_OFF  ssd2828.o
    0x08018308   0x00000018   Code   RO          633    i.SSD2828_POWER_ON  ssd2828.o
    0x08018320   0x0000001a   Code   RO          638    i.SSD2828_WriteCmd  ssd2828.o
    0x0801833a   0x00000002   PAD
    0x0801833c   0x00000104   Code   RO          639    i.SSD2828_WriteData  ssd2828.o
    0x08018440   0x0000003a   Code   RO          640    i.SSD2828_WriteReg  ssd2828.o
    0x0801847a   0x00000002   Code   RO          464    i.SVC_Handler       stm32f4xx_it.o
    0x0801847c   0x000000ec   Code   RO         2189    i.SetSysClock       system_stm32f4xx.o
    0x08018568   0x000000c8   Code   RO         4273    i.Set_Ch            H10_8LANE.lib(cfl.o)
    0x08018630   0x00000014   Code   RO          950    i.ShowString_2_Config  showtext.o
    0x08018644   0x00000010   Code   RO         5648    i.SimI2C_Delay      H10_8LANE.lib(drv_sim_i2c.o)
    0x08018654   0x00000030   Code   RO           18    i.Sleep_In          main.o
    0x08018684   0x00000030   Code   RO           19    i.Sleep_Out         main.o
    0x080186b4   0x000000e8   Code   RO         1356    i.Spi_Init          stm_spi.o
    0x0801879c   0x0000012c   Code   RO           20    i.SwitchFrame       main.o
    0x080188c8   0x00000088   Code   RO         3623    i.SysTick_Handler   systick.o
    0x08018950   0x0000007c   Code   RO         3624    i.SysTick_Init      systick.o
    0x080189cc   0x00000068   Code   RO         2191    i.SystemInit        system_stm32f4xx.o
    0x08018a34   0x000000b8   Code   RO         4275    i.UIRecType         H10_8LANE.lib(cfl.o)
    0x08018aec   0x000000b0   Code   RO         1753    i.USART1_IRQHandler  driverusart1.o
    0x08018b9c   0x0000002c   Code   RO         1038    i.USART3_IRQHandler  driverusart3.o
    0x08018bc8   0x00000018   Code   RO         3030    i.USART_Cmd         stm32f4xx_usart.o
    0x08018be0   0x0000001a   Code   RO         3033    i.USART_GetFlagStatus  stm32f4xx_usart.o
    0x08018bfa   0x00000054   Code   RO         3034    i.USART_GetITStatus  stm32f4xx_usart.o
    0x08018c4e   0x0000004a   Code   RO         3036    i.USART_ITConfig    stm32f4xx_usart.o
    0x08018c98   0x000000d4   Code   RO         3037    i.USART_Init        stm32f4xx_usart.o
    0x08018d6c   0x0000000a   Code   RO         3044    i.USART_ReceiveData  stm32f4xx_usart.o
    0x08018d76   0x00000008   Code   RO         3047    i.USART_SendData    stm32f4xx_usart.o
    0x08018d7e   0x00000004   Code   RO          465    i.UsageFault_Handler  stm32f4xx_it.o
    0x08018d82   0x00000002   PAD
    0x08018d84   0x00000468   Code   RO         2084    i.User_Event        user_ui.o
    0x080191ec   0x000003fc   Code   RO         2085    i.User_UI           user_ui.o
    0x080195e8   0x00000058   Code   RO         3950    i.Version_Init      H10_8LANE.lib(versionnumber.o)
    0x08019640   0x00000028   Code   RO         4586    i.Write2dev         H10_8LANE.lib(commoniointerface.o)
    0x08019668   0x00000020   Code   RO         6370    i.__0printf         mc_w.l(printfa.o)
    0x08019688   0x00000028   Code   RO         6372    i.__0sprintf        mc_w.l(printfa.o)
    0x080196b0   0x00000024   Code   RO         6376    i.__0vsprintf       mc_w.l(printfa.o)
    0x080196d4   0x00000030   Code   RO         6452    i.__ARM_fpclassify  m_wm.l(fpclassify.o)
    0x08019704   0x00000008   Code   RO         6494    i.__aeabi_errno_addr  mc_w.l(errno.o)
    0x0801970c   0x00000004   PAD
    0x08019710   0x000003c4   Code   RO         6042    i.__hardfp_log      m_wm.l(log.o)
    0x08019ad4   0x00000004   PAD
    0x08019ad8   0x00000c50   Code   RO         6056    i.__hardfp_pow      m_wm.l(pow.o)
    0x0801a728   0x000000f8   Code   RO         6454    i.__kernel_poly     m_wm.l(poly.o)
    0x0801a820   0x00000030   Code   RO         6432    i.__mathlib_dbl_divzero  m_wm.l(dunder.o)
    0x0801a850   0x00000014   Code   RO         6433    i.__mathlib_dbl_infnan  m_wm.l(dunder.o)
    0x0801a864   0x00000014   Code   RO         6434    i.__mathlib_dbl_infnan2  m_wm.l(dunder.o)
    0x0801a878   0x00000020   Code   RO         6435    i.__mathlib_dbl_invalid  m_wm.l(dunder.o)
    0x0801a898   0x00000020   Code   RO         6436    i.__mathlib_dbl_overflow  m_wm.l(dunder.o)
    0x0801a8b8   0x00000020   Code   RO         6438    i.__mathlib_dbl_underflow  m_wm.l(dunder.o)
    0x0801a8d8   0x0000000e   Code   RO         6545    i.__scatterload_copy  mc_w.l(handlers.o)
    0x0801a8e6   0x00000002   Code   RO         6546    i.__scatterload_null  mc_w.l(handlers.o)
    0x0801a8e8   0x0000000e   Code   RO         6547    i.__scatterload_zeroinit  mc_w.l(handlers.o)
    0x0801a8f6   0x00000002   PAD
    0x0801a8f8   0x0000000c   Code   RO         6496    i.__set_errno       mc_w.l(errno.o)
    0x0801a904   0x00000184   Code   RO         6377    i._fp_digits        mc_w.l(printfa.o)
    0x0801aa88   0x0000000e   Code   RO         6507    i._is_digit         mc_w.l(scanf_fp.o)
    0x0801aa96   0x00000002   PAD
    0x0801aa98   0x000006b4   Code   RO         6378    i._printf_core      mc_w.l(printfa.o)
    0x0801b14c   0x00000024   Code   RO         6379    i._printf_post_padding  mc_w.l(printfa.o)
    0x0801b170   0x0000002e   Code   RO         6380    i._printf_pre_padding  mc_w.l(printfa.o)
    0x0801b19e   0x0000000a   Code   RO         6382    i._sputc            mc_w.l(printfa.o)
    0x0801b1a8   0x00000016   Code   RO         4121    i._xor_calculate    H10_8LANE.lib(s10power.o)
    0x0801b1be   0x00000002   PAD
    0x0801b1c0   0x0000008c   Code   RO         4653    i.addComboBox       H10_8LANE.lib(pcui.o)
    0x0801b24c   0x0000003e   Code   RO         5167    i.bubble            H10_8LANE.lib(hvadc.o)
    0x0801b28a   0x00000002   PAD
    0x0801b28c   0x00000090   Code   RO         4957    i.check_fs          H10_8LANE.lib(ff.o)
    0x0801b31c   0x00000014   Code   RO         4958    i.chk_chr           H10_8LANE.lib(ff.o)
    0x0801b330   0x00000394   Code   RO         4959    i.chk_mounted       H10_8LANE.lib(ff.o)
    0x0801b6c4   0x0000003c   Code   RO         4661    i.clearWidget       H10_8LANE.lib(pcui.o)
    0x0801b700   0x0000001a   Code   RO         4960    i.clust2sect        H10_8LANE.lib(ff.o)
    0x0801b71a   0x00000002   PAD
    0x0801b71c   0x00000090   Code   RO         4961    i.cmp_lfn           H10_8LANE.lib(ff.o)
    0x0801b7ac   0x000012b8   Code   RO           21    i.code_init         main.o
    0x0801ca64   0x00000088   Code   RO         4663    i.creatButtonPage4  H10_8LANE.lib(pcui.o)
    0x0801caec   0x000000ca   Code   RO         4962    i.create_chain      H10_8LANE.lib(ff.o)
    0x0801cbb6   0x00000002   PAD
    0x0801cbb8   0x00000230   Code   RO         4963    i.create_name       H10_8LANE.lib(ff.o)
    0x0801cde8   0x0000000a   Code   RO         5201    i.delay             H10_8LANE.lib(i2c_clk.o)
    0x0801cdf2   0x0000001e   Code   RO         4587    i.devWrite          H10_8LANE.lib(commoniointerface.o)
    0x0801ce10   0x000000de   Code   RO         4964    i.dir_find          H10_8LANE.lib(ff.o)
    0x0801ceee   0x00000118   Code   RO         4965    i.dir_next          H10_8LANE.lib(ff.o)
    0x0801d006   0x000000be   Code   RO         4966    i.dir_read          H10_8LANE.lib(ff.o)
    0x0801d0c4   0x0000018c   Code   RO         4967    i.dir_register      H10_8LANE.lib(ff.o)
    0x0801d250   0x00000060   Code   RO         4968    i.dir_remove        H10_8LANE.lib(ff.o)
    0x0801d2b0   0x0000009c   Code   RO         4969    i.dir_sdi           H10_8LANE.lib(ff.o)
    0x0801d34c   0x00000006   Code   RO         5614    i.disk_initialize   H10_8LANE.lib(diskio.o)
    0x0801d352   0x00000006   Code   RO         5615    i.disk_ioctl        H10_8LANE.lib(diskio.o)
    0x0801d358   0x00000070   Code   RO         5616    i.disk_read         H10_8LANE.lib(diskio.o)
    0x0801d3c8   0x00000006   Code   RO         5617    i.disk_status       H10_8LANE.lib(diskio.o)
    0x0801d3ce   0x00000052   Code   RO         5618    i.disk_write        H10_8LANE.lib(diskio.o)
    0x0801d420   0x000000c8   Code   RO         1754    i.driverUSART1_Init  driverusart1.o
    0x0801d4e8   0x0000002c   Code   RO         5279    i.ethernetif_input  H10_8LANE.lib(ethernetif.o)
    0x0801d514   0x00000016   Code   RO         4971    i.f_close           H10_8LANE.lib(ff.o)
    0x0801d52a   0x000001b0   Code   RO         4974    i.f_lseek           H10_8LANE.lib(ff.o)
    0x0801d6da   0x00000002   PAD
    0x0801d6dc   0x00000188   Code   RO         4975    i.f_mkdir           H10_8LANE.lib(ff.o)
    0x0801d864   0x0000002c   Code   RO         4976    i.f_mount           H10_8LANE.lib(ff.o)
    0x0801d890   0x00000174   Code   RO         4977    i.f_open            H10_8LANE.lib(ff.o)
    0x0801da04   0x00000078   Code   RO         4978    i.f_opendir         H10_8LANE.lib(ff.o)
    0x0801da7c   0x000000b8   Code   RO         4986    i.f_sync            H10_8LANE.lib(ff.o)
    0x0801db34   0x000000bc   Code   RO         4988    i.f_unlink          H10_8LANE.lib(ff.o)
    0x0801dbf0   0x0000020e   Code   RO         4990    i.f_write           H10_8LANE.lib(ff.o)
    0x0801ddfe   0x00000018   Code   RO         6448    i.fabs              m_wm.l(fabs.o)
    0x0801de16   0x00000002   PAD
    0x0801de18   0x0000004c   Code   RO         5629    i.ff_convert        H10_8LANE.lib(ccsbcs.o)
    0x0801de64   0x00000038   Code   RO         5630    i.ff_wtoupper       H10_8LANE.lib(ccsbcs.o)
    0x0801de9c   0x00000080   Code   RO         4991    i.fit_lfn           H10_8LANE.lib(ff.o)
    0x0801df1c   0x0000009e   Code   RO         4992    i.follow_path       H10_8LANE.lib(ff.o)
    0x0801dfba   0x00000002   PAD
    0x0801dfbc   0x00000024   Code   RO          998    i.fputc             usart1.o
    0x0801dfe0   0x000000a8   Code   RO         4993    i.gen_numname       H10_8LANE.lib(ff.o)
    0x0801e088   0x00000044   Code   RO         4673    i.getComboBox       H10_8LANE.lib(pcui.o)
    0x0801e0cc   0x0000005c   Code   RO         4675    i.getLineEdit_ContentPage4  H10_8LANE.lib(pcui.o)
    0x0801e128   0x000000e4   Code   RO         4994    i.get_fat           H10_8LANE.lib(ff.o)
    0x0801e20c   0x00000004   Code   RO         5619    i.get_fattime       H10_8LANE.lib(diskio.o)
    0x0801e210   0x00000074   Code   RO         5281    i.low_level_input   H10_8LANE.lib(ethernetif.o)
    0x0801e284   0x00000010   Code   RO         4379    i.lwip_packet_handler  H10_8LANE.lib(lwip_comm.o)
    0x0801e294   0x00000318   Code   RO           23    i.main              main.o
    0x0801e5ac   0x00000026   Code   RO         4996    i.mem_cmp           H10_8LANE.lib(ff.o)
    0x0801e5d2   0x0000001a   Code   RO         4997    i.mem_cpy           H10_8LANE.lib(ff.o)
    0x0801e5ec   0x0000012c   Code   RO         5356    i.mem_free          H10_8LANE.lib(mem.o)
    0x0801e718   0x0000025c   Code   RO         5358    i.mem_malloc        H10_8LANE.lib(mem.o)
    0x0801e974   0x00000014   Code   RO         4998    i.mem_set           H10_8LANE.lib(ff.o)
    0x0801e988   0x0000009c   Code   RO         5374    i.memp_free         H10_8LANE.lib(memp.o)
    0x0801ea24   0x000000dc   Code   RO         5377    i.memp_malloc       H10_8LANE.lib(memp.o)
    0x0801eb00   0x00000072   Code   RO         4999    i.move_window       H10_8LANE.lib(ff.o)
    0x0801eb72   0x00000002   PAD
    0x0801eb74   0x000001c8   Code   RO         4684    i.myCmd_getSplit    H10_8LANE.lib(pcui.o)
    0x0801ed3c   0x00000066   Code   RO         4638    i.myFIFOWrite       H10_8LANE.lib(myfifo.o)
    0x0801eda2   0x00000002   PAD
    0x0801eda4   0x00000308   Code   RO         2086    i.parse_and_execute_commands  user_ui.o
    0x0801f0ac   0x0000006c   Code   RO         2087    i.parse_hex         user_ui.o
    0x0801f118   0x00000360   Code   RO         4685    i.parse_upadte      H10_8LANE.lib(pcui.o)
    0x0801f478   0x000003fc   Code   RO         4394    i.pbuf_alloc        H10_8LANE.lib(pbuf.o)
    0x0801f874   0x00000190   Code   RO         4403    i.pbuf_free         H10_8LANE.lib(pbuf.o)
    0x0801fa04   0x00000020   Code   RO         4686    i.pcuiDetection     H10_8LANE.lib(pcui.o)
    0x0801fa24   0x0000005c   Code   RO         4691    i.pcui_Scan         H10_8LANE.lib(pcui.o)
    0x0801fa80   0x0000001c   Code   RO         5595    i.pcui_close_file   H10_8LANE.lib(pcui_depend.o)
    0x0801fa9c   0x000000b0   Code   RO         5596    i.pcui_del_file     H10_8LANE.lib(pcui_depend.o)
    0x0801fb4c   0x00000060   Code   RO         4698    i.pcui_detection    H10_8LANE.lib(pcui.o)
    0x0801fbac   0x000000bc   Code   RO         4699    i.pcui_getCmd       H10_8LANE.lib(pcui.o)
    0x0801fc68   0x00000054   Code   RO         4705    i.pcui_init         H10_8LANE.lib(pcui.o)
    0x0801fcbc   0x00000144   Code   RO         5597    i.pcui_open_file    H10_8LANE.lib(pcui_depend.o)
    0x0801fe00   0x0000008a   Code   RO         4715    i.pcui_recData      H10_8LANE.lib(pcui.o)
    0x0801fe8a   0x00000002   PAD
    0x0801fe8c   0x000000f8   Code   RO         4718    i.pcui_sendStrNData  H10_8LANE.lib(pcui.o)
    0x0801ff84   0x00000168   Code   RO         5599    i.pcui_write_file   H10_8LANE.lib(pcui_depend.o)
    0x080200ec   0x00000074   Code   RO         5000    i.pick_lfn          H10_8LANE.lib(ff.o)
    0x08020160   0x000001a0   Code   RO         5360    i.plug_holes        H10_8LANE.lib(mem.o)
    0x08020300   0x00000136   Code   RO         5001    i.put_fat           H10_8LANE.lib(ff.o)
    0x08020436   0x000000c4   Code   RO         4122    i.rec2Data          H10_8LANE.lib(s10power.o)
    0x080204fa   0x000000b8   Code   RO         4123    i.recMyType         H10_8LANE.lib(s10power.o)
    0x080205b2   0x000000c4   Code   RO         5153    i.receivePact       H10_8LANE.lib(communicationold.o)
    0x08020676   0x00000036   Code   RO         2089    i.remove_all_spaces  user_ui.o
    0x080206ac   0x00000068   Code   RO         5002    i.remove_chain      H10_8LANE.lib(ff.o)
    0x08020714   0x0000005c   Code   RO         4741    i.selectShowPage    H10_8LANE.lib(pcui.o)
    0x08020770   0x0000008c   Code   RO         4746    i.setDialog         H10_8LANE.lib(pcui.o)
    0x080207fc   0x00000094   Code   RO         4749    i.setLineEdit_ParameterPage4  H10_8LANE.lib(pcui.o)
    0x08020890   0x0000009c   Code   RO         5685    i.setupMultisynth   H10_8LANE.lib(si5351a.o)
    0x0802092c   0x000000e4   Code   RO         5686    i.setupPLL          H10_8LANE.lib(si5351a.o)
    0x08020a10   0x0000002e   Code   RO         5687    i.si5351_Init       H10_8LANE.lib(si5351a.o)
    0x08020a3e   0x00000002   PAD
    0x08020a40   0x000000b8   Code   RO         5689    i.si5351aSetFrequency_Clk0  H10_8LANE.lib(si5351a.o)
    0x08020af8   0x000000a4   Code   RO         5690    i.si5351aSetFrequency_Clk1  H10_8LANE.lib(si5351a.o)
    0x08020b9c   0x00000014   Code   RO         4590    i.sky_ConmBindDriver  H10_8LANE.lib(communication.o)
    0x08020bb0   0x00000056   Code   RO         4591    i.sky_ConmmunicationInit  H10_8LANE.lib(communication.o)
    0x08020c06   0x0000001e   Code   RO         4593    i.sky_GetMeasureTime_ms  H10_8LANE.lib(communication.o)
    0x08020c24   0x0000001a   Code   RO         4594    i.sky_devSingle     H10_8LANE.lib(communication.o)
    0x08020c3e   0x000000de   Code   RO         4599    i.sky_receivePact   H10_8LANE.lib(communication.o)
    0x08020d1c   0x00000024   Code   RO         4600    i.sky_receivePactData  H10_8LANE.lib(communication.o)
    0x08020d40   0x0000006e   Code   RO         6459    i.sqrt              m_wm.l(sqrt.o)
    0x08020dae   0x00000020   Code   RO         5003    i.sum_sfn           H10_8LANE.lib(ff.o)
    0x08020dce   0x000000ca   Code   RO         5004    i.sync              H10_8LANE.lib(ff.o)
    0x08020e98   0x0000002c   Code   RO         1755    i.usart1_write      driverusart1.o
    0x08020ec4   0x00000094   Code   RO         2090    i.userUI_Online     user_ui.o
    0x08020f58   0x0000002a   Code   RO         5005    i.validate          H10_8LANE.lib(ff.o)
    0x08020f82   0x00000002   PAD
    0x08020f84   0x00000034   Data   RO         2092    .constdata          user_ui.o
    0x08020fb8   0x00000048   Data   RO         3996    .constdata          H10_8LANE.lib(gpu.o)
    0x08021000   0x00000480   Data   RO         4759    .constdata          H10_8LANE.lib(pcui.o)
    0x08021480   0x0000008d   Data   RO         5007    .constdata          H10_8LANE.lib(ff.o)
    0x0802150d   0x00000003   PAD
    0x08021510   0x00000064   Data   RO         5168    .constdata          H10_8LANE.lib(hvadc.o)
    0x08021574   0x000004c0   Data   RO         5631    .constdata          H10_8LANE.lib(ccsbcs.o)
    0x08021a34   0x00000004   PAD
    0x08021a38   0x00000038   Data   RO         6045    .constdata          m_wm.l(log.o)
    0x08021a70   0x00000088   Data   RO         6059    .constdata          m_wm.l(pow.o)
    0x08021af8   0x00000081   Data   RO         6076    .constdata          mc_w.l(ctype_o.o)
    0x08021b79   0x00000003   PAD
    0x08021b7c   0x00000004   Data   RO         6077    .constdata          mc_w.l(ctype_o.o)
    0x08021b80   0x00000008   Data   RO         6456    .constdata          m_wm.l(qnan.o)
    0x08021b88   0x00000062   Data   RO         2093    .conststring        user_ui.o
    0x08021bea   0x00000002   PAD
    0x08021bec   0x00000524   Data   RO         4760    .conststring        H10_8LANE.lib(pcui.o)
    0x08022110   0x00000020   Data   RO         6543    Region$$Table       anon$$obj.o


    Execution Region RW_IRAM1 (Base: 0x20000000, Size: 0x0000d728, Max: 0x00020000, ABSOLUTE, COMPRESSED[0x00000534])

    Base Addr    Size         Type   Attr      Idx    E Section Name        Object

    0x20000000   0x00000096   Data   RW           27    .data               main.o
    0x20000096   0x00000002   PAD
    0x20000098   0x0000001c   Data   RW          642    .data               ssd2828.o
    0x200000b4   0x00000008   Data   RW          952    .data               showtext.o
    0x200000bc   0x00000002   Data   RW         1757    .data               driverusart1.o
    0x200000be   0x00000002   PAD
    0x200000c0   0x00000c6c   Data   RW         1794    .data               init_code.o
    0x20000d2c   0x0000000c   Data   RW         2094    .data               user_ui.o
    0x20000d38   0x00000014   Data   RW         2192    .data               system_stm32f4xx.o
    0x20000d4c   0x00000010   Data   RW         2543    .data               stm32f4xx_rcc.o
    0x20000d5c   0x0000001c   Data   RW         3626    .data               systick.o
    0x20000d78   0x00000038   Data   RW         3876    .data               H10_8LANE.lib(sd_file.o)
    0x20000db0   0x00000005   Data   RW         3952    .data               H10_8LANE.lib(versionnumber.o)
    0x20000db5   0x00000003   PAD
    0x20000db8   0x0000003d   Data   RW         3997    .data               H10_8LANE.lib(gpu.o)
    0x20000df5   0x00000003   PAD
    0x20000df8   0x00000014   Data   RW         4043    .data               H10_8LANE.lib(key.o)
    0x20000e0c   0x00000008   Data   RW         4125    .data               H10_8LANE.lib(s10power.o)
    0x20000e14   0x00000002   Data   RW         4298    .data               H10_8LANE.lib(cfl.o)
    0x20000e16   0x00000002   PAD
    0x20000e18   0x0000000c   Data   RW         4761    .data               H10_8LANE.lib(pcui.o)
    0x20000e24   0x00000006   Data   RW         5008    .data               H10_8LANE.lib(ff.o)
    0x20000e2a   0x00000002   PAD
    0x20000e2c   0x00000018   Data   RW         5104    .data               H10_8LANE.lib(sdcard.o)
    0x20000e44   0x00000004   Data   RW         5186    .data               H10_8LANE.lib(fsmc_8080.o)
    0x20000e48   0x00000004   Data   RW         5202    .data               H10_8LANE.lib(i2c_clk.o)
    0x20000e4c   0x00000010   Data   RW         5361    .data               H10_8LANE.lib(mem.o)
    0x20000e5c   0x00000005   Data   RW         5601    .data               H10_8LANE.lib(pcui_depend.o)
    0x20000e61   0x00000003   PAD
    0x20000e64   0x00000004   Data   RW         5650    .data               H10_8LANE.lib(drv_sim_i2c.o)
    0x20000e68   0x00000010   Data   RW         5940    .data               H10_8LANE.lib(stm32f4x7_eth.o)
    0x20000e78   0x00000004   Data   RW         6128    .data               mc_w.l(strtok.o)
    0x20000e7c   0x00000004   Data   RW         6485    .data               mc_w.l(stdout.o)
    0x20000e80   0x00000004   Data   RW         6497    .data               mc_w.l(errno.o)
    0x20000e84   0x000018c8   Zero   RW           26    .bss                main.o
    0x2000274c   0x00000014   Zero   RW         1040    .bss                driverusart3.o
    0x20002760   0x00000134   Zero   RW         1099    .bss                qspi_lcd.o
    0x20002894   0x00000104   Zero   RW         1357    .bss                stm_spi.o
    0x20002998   0x00000094   Zero   RW         1756    .bss                driverusart1.o
    0x20002a2c   0x00000150   Zero   RW         1970    .bss                bus.o
    0x20002b7c   0x00000a20   Zero   RW         2091    .bss                user_ui.o
    0x2000359c   0x00002a9c   Zero   RW         3875    .bss                H10_8LANE.lib(sd_file.o)
    0x20006038   0x00000890   Zero   RW         4124    .bss                H10_8LANE.lib(s10power.o)
    0x200068c8   0x000014a0   Zero   RW         4297    .bss                H10_8LANE.lib(cfl.o)
    0x20007d68   0x00000048   Zero   RW         4381    .bss                H10_8LANE.lib(lwip_comm.o)
    0x20007db0   0x000043b8   Zero   RW         4758    .bss                H10_8LANE.lib(pcui.o)
    0x2000c168   0x00000200   Zero   RW         5006    .bss                H10_8LANE.lib(ff.o)
    0x2000c368   0x000000cc   Zero   RW         5103    .bss                H10_8LANE.lib(sdcard.o)
    0x2000c434   0x00000028   Zero   RW         5378    .bss                H10_8LANE.lib(memp.o)
    0x2000c45c   0x00000248   Zero   RW         5600    .bss                H10_8LANE.lib(pcui_depend.o)
    0x2000c6a4   0x00000080   Zero   RW         5649    .bss                H10_8LANE.lib(drv_sim_i2c.o)
    0x2000c724   0x00000004   PAD
    0x2000c728   0x00001000   Zero   RW         2246    STACK               startup_stm32f40_41xxx.o


==============================================================================

Image component sizes


      Code (inc. data)   RO Data    RW Data    ZI Data      Debug   Object Name

      1278         36          0          0        336       5570   bus.o
       106          0          0          0          0       1234   delay.o
       420         42          0          2        148       2750   driverusart1.o
        44          8          0          0         20        760   driverusart3.o
      2156         88          0          0          0       6190   in_img.o
       356         92          0       3180          0       1789   init_code.o
      7144        534          0        150       6344     334808   main.o
       140         24          0          0          0       1595   misc.o
       124         10          0          0        308       2267   qspi_lcd.o
       348        120          0          0          0       1248   s10.o
        20         10          0          8          0       1587   showtext.o
      1700        118          0         28          0      11450   ssd2828.o
        36          8        392          0       4096        856   startup_stm32f40_41xxx.o
       586         40          0          0          0       5096   stm32f4xx_dma.o
        36         10          0          0          0       1176   stm32f4xx_exti.o
       344         16          0          0          0       2057   stm32f4xx_fsmc.o
       240          0          0          0          0       3635   stm32f4xx_gpio.o
        24          0          0          0          0       3876   stm32f4xx_it.o
       392         48          0         16          0       5993   stm32f4xx_rcc.o
       370         80          0          0          0      10910   stm32f4xx_sdio.o
       438          8          0          0          0       5625   stm32f4xx_usart.o
      1048        118          0          0        260       7977   stm_spi.o
       340         32          0         20          0       1885   system_stm32f4xx.o
       300         52          0         28          0      29439   systick.o
        36          4          0          0          0       2384   usart1.o
      3848       1116        150         12       2592      11700   user_ui.o

    ----------------------------------------------------------------------
     21894       2614        576       3448      14104     463857   Object Totals
         0          0         32          0          0          0   (incl. Generated)
        20          0          2          4          0          0   (incl. Padding)

    ----------------------------------------------------------------------

      Code (inc. data)   RO Data    RW Data    ZI Data      Debug   Library Member Name

       218         30          0          0          0        492   bu250x.o
       132         16       1216          0          0        240   ccsbcs.o
       628         10          0          0          0        576   cdce913.o
       588         16          0          2       5280        540   cfl.o
        70          0          0          0          0        256   commoniointerface.o
       420          4          0          0          0        780   communication.o
       196          0          0          0          0        132   communicationold.o
       216          4          0          0          0        728   diskio.o
       822         50          0          4        128       1520   drv_sim_i2c.o
       160          6          0          0          0        268   ethernetif.o
      7318         92        141          6        512       4788   ff.o
       376         14          0          4          0        376   fsmc_8080.o
      2088        254         72         61          0       2592   gpu.o
       474         26        100          0          0        528   hvadc.o
       142         26          0          4          0        372   i2c_clk.o
       644         50          0         20          0        380   key.o
       196         12          0          0          0        248   lan8720.o
        16          6          0          0         72        124   lwip_comm.o
      1320        580          0         16          0        392   mem.o
       376        232          0          0         40        256   memp.o
       102          0          0          0          0        136   myfifo.o
       516         48          0          0          0        408   othervdd.o
      1420        540          0          0          0        276   pbuf.o
      3074        368       2468         12      17336       2324   pcui.o
       964        240          0          5        584        672   pcui_depend.o
      2288        108          0          8       2192       3008   s10power.o
      1184        160          0         56      10908        512   sd_file.o
      5488        350          0         24        204       4108   sdcard.o
       960         40          0          0          0        968   si5351a.o
       206          0          0          0          0        392   sim_qspi.o
        64          6          0         16          0        356   stm32f4x7_eth.o
       418         34          0          0          0        956   stm32f4xx_adc.o
      1252         28          0          0          0        740   stm32f4xx_can.o
        88         12         43          5          0        128   versionnumber.o
       184         44          0          0          0        744   dunder.o
        24          0          0          0          0        124   fabs.o
        48          0          0          0          0        124   fpclassify.o
       964         92         56          0          0        316   log.o
       248          0          0          0          0        152   poly.o
      3152        296        136          0          0        352   pow.o
         0          0          8          0          0          0   qnan.o
       110          0          0          0          0        148   sqrt.o
        56          8          0          0          0         84   __0sscanf.o
        86          0          0          0          0          0   __dczerorl2.o
        28          0          0          0          0         68   _chval.o
       816          6          0          0          0        112   _scanf.o
       332          0          0          0          0         96   _scanf_int.o
       342          0          0          0          0        100   _scanf_longlong.o
       224          0          0          0          0         96   _scanf_str.o
        64          0          0          0          0         84   _sgetc.o
       158          0          0          0          0         92   _strtoul.o
        26          0          0          0          0         80   atoi.o
         8          4        133          0          0         68   ctype_o.o
         0          0          0          0          0          0   entry.o
         0          0          0          0          0          0   entry10a.o
         0          0          0          0          0          0   entry11a.o
         4          0          0          0          0          0   entry12b.o
         8          4          0          0          0          0   entry2.o
         4          0          0          0          0          0   entry5.o
         0          0          0          0          0          0   entry7b.o
         0          0          0          0          0          0   entry8b.o
         8          4          0          0          0          0   entry9a.o
        20         10          0          4          0        136   errno.o
        30          0          0          0          0          0   handlers.o
        36          8          0          0          0         68   init.o
        18          0          0          0          0         76   isspace_o.o
         0          0          0          0          0          0   iusefp.o
        30          0          0          0          0         68   llshl.o
        36          0          0          0          0         68   llsshr.o
        32          0          0          0          0         68   llushr.o
        20          0          0          0          0         68   memchr.o
        36          0          0          0          0         68   memcpya.o
        36          0          0          0          0        108   memseta.o
      2304        102          0          0          0        696   printfa.o
        40          8          0          0          0         84   scanf_char.o
       878         12          0          0          0        216   scanf_fp.o
         0          0          0          4          0          0   stdout.o
        20          0          0          0          0         68   strchr.o
        28          0          0          0          0         76   strcmp.o
        18          0          0          0          0         68   strcpy.o
        14          0          0          0          0         68   strlen.o
        40          0          0          0          0         76   strncat.o
        24          0          0          0          0         76   strncpy.o
        22          0          0          0          0         68   strrchr.o
        36          0          0          0          0         80   strstr.o
        68          6          0          4          0         80   strtok.o
       112          0          0          0          0         88   strtol.o
        44          0          0          0          0         80   uidiv.o
        98          0          0          0          0         92   uldiv.o
        48          8          0          0          0         80   vsscanf.o
        48          0          0          0          0         68   cdcmple.o
        48          0          0          0          0         68   cdrcmple.o
        56          0          0          0          0         88   d2f.o
       334          0          0          0          0        148   dadd.o
       222          0          0          0          0        100   ddiv.o
       186          0          0          0          0        176   depilogue.o
        62          0          0          0          0         80   dfixi.o
        50          0          0          0          0         76   dfixui.o
        48          0          0          0          0         68   dfixul.o
        34          0          0          0          0         76   dflti.o
        26          0          0          0          0         76   dfltui.o
        24          0          0          0          0         76   dfltul.o
       228          0          0          0          0         96   dmul.o
        46          0          0          0          0         80   dscalb.o
       162          0          0          0          0        100   dsqrt.o
       110          0          0          0          0        168   fepilogue.o
        28          0          0          0          0         84   ffltul.o

    ----------------------------------------------------------------------
     47178       3982       4384        268      37260      37764   Library Totals
        60          8         11         13          4          0   (incl. Padding)

    ----------------------------------------------------------------------

      Code (inc. data)   RO Data    RW Data    ZI Data      Debug   Library Name

     34424       3362       4040        243      37256      30572   H10_8LANE.lib
      4730        432        200          0          0       1960   m_wm.l
      6252        180        133         12          0       3604   mc_w.l
      1712          0          0          0          0       1628   mf_w.l

    ----------------------------------------------------------------------
     47178       3982       4384        268      37260      37764   Library Totals

    ----------------------------------------------------------------------

==============================================================================


      Code (inc. data)   RO Data    RW Data    ZI Data      Debug   

     69072       6596       4960       3716      51364     460741   Grand Totals
     69072       6596       4960       1332      51364     460741   ELF Image Totals (compressed)
     69072       6596       4960       1332          0          0   ROM Totals

==============================================================================

    Total RO  Size (Code + RO Data)                74032 (  72.30kB)
    Total RW  Size (RW Data + ZI Data)             55080 (  53.79kB)
    Total ROM Size (Code + RO Data + RW Data)      75364 (  73.60kB)

==============================================================================

